Archive member included to satisfy reference by file (symbol)

C:/ST/STM32CubeIDE_1.15.0/STM32CubeIDE/plugins/com.st.stm32cube.ide.mcu.externaltools.gnu-tools-for-stm32.12.3.rel1.win32_1.0.100.202403111256/tools/bin/../lib/gcc/arm-none-eabi/12.3.1/../../../../arm-none-eabi/lib/thumb/v6-m/nofp\libc_nano.a(libc_a-exit.o)
                              C:/ST/STM32CubeIDE_1.15.0/STM32CubeIDE/plugins/com.st.stm32cube.ide.mcu.externaltools.gnu-tools-for-stm32.12.3.rel1.win32_1.0.100.202403111256/tools/bin/../lib/gcc/arm-none-eabi/12.3.1/../../../../arm-none-eabi/lib/thumb/v6-m/nofp/crt0.o (exit)
C:/ST/STM32CubeIDE_1.15.0/STM32CubeIDE/plugins/com.st.stm32cube.ide.mcu.externaltools.gnu-tools-for-stm32.12.3.rel1.win32_1.0.100.202403111256/tools/bin/../lib/gcc/arm-none-eabi/12.3.1/../../../../arm-none-eabi/lib/thumb/v6-m/nofp\libc_nano.a(libc_a-findfp.o)
                              C:/ST/STM32CubeIDE_1.15.0/STM32CubeIDE/plugins/com.st.stm32cube.ide.mcu.externaltools.gnu-tools-for-stm32.12.3.rel1.win32_1.0.100.202403111256/tools/bin/../lib/gcc/arm-none-eabi/12.3.1/../../../../arm-none-eabi/lib/thumb/v6-m/nofp\libc_nano.a(libc_a-exit.o) (__stdio_exit_handler)
C:/ST/STM32CubeIDE_1.15.0/STM32CubeIDE/plugins/com.st.stm32cube.ide.mcu.externaltools.gnu-tools-for-stm32.12.3.rel1.win32_1.0.100.202403111256/tools/bin/../lib/gcc/arm-none-eabi/12.3.1/../../../../arm-none-eabi/lib/thumb/v6-m/nofp\libc_nano.a(libc_a-fwalk.o)
                              C:/ST/STM32CubeIDE_1.15.0/STM32CubeIDE/plugins/com.st.stm32cube.ide.mcu.externaltools.gnu-tools-for-stm32.12.3.rel1.win32_1.0.100.202403111256/tools/bin/../lib/gcc/arm-none-eabi/12.3.1/../../../../arm-none-eabi/lib/thumb/v6-m/nofp\libc_nano.a(libc_a-findfp.o) (_fwalk_sglue)
C:/ST/STM32CubeIDE_1.15.0/STM32CubeIDE/plugins/com.st.stm32cube.ide.mcu.externaltools.gnu-tools-for-stm32.12.3.rel1.win32_1.0.100.202403111256/tools/bin/../lib/gcc/arm-none-eabi/12.3.1/../../../../arm-none-eabi/lib/thumb/v6-m/nofp\libc_nano.a(libc_a-stdio.o)
                              C:/ST/STM32CubeIDE_1.15.0/STM32CubeIDE/plugins/com.st.stm32cube.ide.mcu.externaltools.gnu-tools-for-stm32.12.3.rel1.win32_1.0.100.202403111256/tools/bin/../lib/gcc/arm-none-eabi/12.3.1/../../../../arm-none-eabi/lib/thumb/v6-m/nofp\libc_nano.a(libc_a-findfp.o) (__sread)
C:/ST/STM32CubeIDE_1.15.0/STM32CubeIDE/plugins/com.st.stm32cube.ide.mcu.externaltools.gnu-tools-for-stm32.12.3.rel1.win32_1.0.100.202403111256/tools/bin/../lib/gcc/arm-none-eabi/12.3.1/../../../../arm-none-eabi/lib/thumb/v6-m/nofp\libc_nano.a(libc_a-memset.o)
                              C:/ST/STM32CubeIDE_1.15.0/STM32CubeIDE/plugins/com.st.stm32cube.ide.mcu.externaltools.gnu-tools-for-stm32.12.3.rel1.win32_1.0.100.202403111256/tools/bin/../lib/gcc/arm-none-eabi/12.3.1/../../../../arm-none-eabi/lib/thumb/v6-m/nofp/crt0.o (memset)
C:/ST/STM32CubeIDE_1.15.0/STM32CubeIDE/plugins/com.st.stm32cube.ide.mcu.externaltools.gnu-tools-for-stm32.12.3.rel1.win32_1.0.100.202403111256/tools/bin/../lib/gcc/arm-none-eabi/12.3.1/../../../../arm-none-eabi/lib/thumb/v6-m/nofp\libc_nano.a(libc_a-closer.o)
                              C:/ST/STM32CubeIDE_1.15.0/STM32CubeIDE/plugins/com.st.stm32cube.ide.mcu.externaltools.gnu-tools-for-stm32.12.3.rel1.win32_1.0.100.202403111256/tools/bin/../lib/gcc/arm-none-eabi/12.3.1/../../../../arm-none-eabi/lib/thumb/v6-m/nofp\libc_nano.a(libc_a-stdio.o) (_close_r)
C:/ST/STM32CubeIDE_1.15.0/STM32CubeIDE/plugins/com.st.stm32cube.ide.mcu.externaltools.gnu-tools-for-stm32.12.3.rel1.win32_1.0.100.202403111256/tools/bin/../lib/gcc/arm-none-eabi/12.3.1/../../../../arm-none-eabi/lib/thumb/v6-m/nofp\libc_nano.a(libc_a-reent.o)
                              C:/ST/STM32CubeIDE_1.15.0/STM32CubeIDE/plugins/com.st.stm32cube.ide.mcu.externaltools.gnu-tools-for-stm32.12.3.rel1.win32_1.0.100.202403111256/tools/bin/../lib/gcc/arm-none-eabi/12.3.1/../../../../arm-none-eabi/lib/thumb/v6-m/nofp\libc_nano.a(libc_a-closer.o) (errno)
C:/ST/STM32CubeIDE_1.15.0/STM32CubeIDE/plugins/com.st.stm32cube.ide.mcu.externaltools.gnu-tools-for-stm32.12.3.rel1.win32_1.0.100.202403111256/tools/bin/../lib/gcc/arm-none-eabi/12.3.1/../../../../arm-none-eabi/lib/thumb/v6-m/nofp\libc_nano.a(libc_a-impure.o)
                              C:/ST/STM32CubeIDE_1.15.0/STM32CubeIDE/plugins/com.st.stm32cube.ide.mcu.externaltools.gnu-tools-for-stm32.12.3.rel1.win32_1.0.100.202403111256/tools/bin/../lib/gcc/arm-none-eabi/12.3.1/../../../../arm-none-eabi/lib/thumb/v6-m/nofp\libc_nano.a(libc_a-reent.o) (_impure_ptr)
C:/ST/STM32CubeIDE_1.15.0/STM32CubeIDE/plugins/com.st.stm32cube.ide.mcu.externaltools.gnu-tools-for-stm32.12.3.rel1.win32_1.0.100.202403111256/tools/bin/../lib/gcc/arm-none-eabi/12.3.1/../../../../arm-none-eabi/lib/thumb/v6-m/nofp\libc_nano.a(libc_a-lseekr.o)
[...]
Memory Configuration

Name             Origin             Length             Attributes
FLASH            0x08000000         0x00020000         xr
RAM              0x20000000         0x00004000         xrw
*default*        0x00000000         0xffffffff

Linker script and memory map

LOAD C:/ST/STM32CubeIDE_1.15.0/STM32CubeIDE/plugins/com.st.stm32cube.ide.mcu.externaltools.gnu-tools-for-stm32.12.3.rel1.win32_1.0.100.202403111256/tools/bin/../lib/gcc/arm-none-eabi/12.3.1/thumb/v6-m/nofp/crti.o
LOAD C:/ST/STM32CubeIDE_1.15.0/STM32CubeIDE/plugins/com.st.stm32cube.ide.mcu.externaltools.gnu-tools-for-stm32.12.3.rel1.win32_1.0.100.202403111256/tools/bin/../lib/gcc/arm-none-eabi/12.3.1/thumb/v6-m/nofp/crtbegin.o
LOAD C:/ST/STM32CubeIDE_1.15.0/STM32CubeIDE/plugins/com.st.stm32cube.ide.mcu.externaltools.gnu-tools-for-stm32.12.3.rel1.win32_1.0.100.202403111256/tools/bin/../lib/gcc/arm-none-eabi/12.3.1/../../../../arm-none-eabi/lib/thumb/v6-m/nofp/crt0.o
LOAD ./FreeRTOS/croutine.o
LOAD ./FreeRTOS/event_groups.o
LOAD ./FreeRTOS/list.o
LOAD ./FreeRTOS/queue.o
LOAD ./FreeRTOS/stream_buffer.o
LOAD ./FreeRTOS/tasks.o
LOAD ./FreeRTOS/timers.o
LOAD ./FreeRTOS/portable/GCC/ARM_CM0/port.o
LOAD ./FreeRTOS/portable/MemMang/heap_1.o
LOAD ./TraceRecorder/streamports/Jlink_RTT/SEGGER_RTT.o
LOAD ./TraceRecorder/streamports/Jlink_RTT/trcStreamPort.o
LOAD ./TraceRecorder/trcAssert.o
LOAD ./TraceRecorder/trcCounter.o
LOAD ./TraceRecorder/trcDependency.o
LOAD ./TraceRecorder/trcDiagnostics.o
LOAD ./TraceRecorder/trcEntryTable.o
LOAD ./TraceRecorder/trcError.o
LOAD ./TraceRecorder/trcEvent.o
LOAD ./TraceRecorder/trcEventBuffer.o
LOAD ./TraceRecorder/trcExtension.o
LOAD ./TraceRecorder/trcHardwarePort.o
LOAD ./TraceRecorder/trcHeap.o
LOAD ./TraceRecorder/trcISR.o
LOAD ./TraceRecorder/trcInternalEventBuffer.o
LOAD ./TraceRecorder/trcInterval.o
LOAD ./TraceRecorder/trcKernelPort.o
LOAD ./TraceRecorder/trcMultiCoreEventBuffer.o
LOAD ./TraceRecorder/trcObject.o
LOAD ./TraceRecorder/trcPrint.o
LOAD ./TraceRecorder/trcRunnable.o
LOAD ./TraceRecorder/trcSnapshotRecorder.o
LOAD ./TraceRecorder/trcStackMonitor.o
LOAD ./TraceRecorder/trcStateMachine.o
LOAD ./TraceRecorder/trcStaticBuffer.o
LOAD ./TraceRecorder/trcStreamingRecorder.o
LOAD ./TraceRecorder/trcString.o
LOAD ./TraceRecorder/trcTask.o
LOAD ./TraceRecorder/trcTimestamp.o
LOAD ./app/src/main.o
LOAD ./app/src/printf-stdarg.o
LOAD ./app/src/stm32f0xx_it.o
LOAD ./bsp/src/bsp.o
LOAD ./bsp/src/delay.o
LOAD ./cmsis/device/src/startup_stm32f072xb.o
LOAD ./cmsis/device/src/system_stm32f0xx.o
START GROUP
LOAD C:/ST/STM32CubeIDE_1.15.0/STM32CubeIDE/plugins/com.st.stm32cube.ide.mcu.externaltools.gnu-tools-for-stm32.12.3.rel1.win32_1.0.100.202403111256/tools/bin/../lib/gcc/arm-none-eabi/12.3.1/../../../../arm-none-eabi/lib/thumb/v6-m/nofp\libc_nano.a
LOAD C:/ST/STM32CubeIDE_1.15.0/STM32CubeIDE/plugins/com.st.stm32cube.ide.mcu.externaltools.gnu-tools-for-stm32.12.3.rel1.win32_1.0.100.202403111256/tools/bin/../lib/gcc/arm-none-eabi/12.3.1/../../../../arm-none-eabi/lib/thumb/v6-m/nofp\libm.a
END GROUP
LOAD C:/ST/STM32CubeIDE_1.15.0/STM32CubeIDE/plugins/com.st.stm32cube.ide.mcu.externaltools.gnu-tools-for-stm32.12.3.rel1.win32_1.0.100.202403111256/tools/bin/../lib/gcc/arm-none-eabi/12.3.1/thumb/v6-m/nofp/crtend.o
LOAD C:/ST/STM32CubeIDE_1.15.0/STM32CubeIDE/plugins/com.st.stm32cube.ide.mcu.externaltools.gnu-tools-for-stm32.12.3.rel1.win32_1.0.100.202403111256/tools/bin/../lib/gcc/arm-none-eabi/12.3.1/thumb/v6-m/nofp/crtn.o
                0x20004000                        _estack = 0x20004000
                0x00000200                        _Min_Heap_Size = 0x200
                0x00000400                        _Min_Stack_Size = 0x400

.isr_vector     0x08000000       0xc0
                0x08000000                        . = ALIGN (0x4)
 *(.isr_vector)
 .isr_vector    0x08000000       0xc0 ./cmsis/device/src/startup_stm32f072xb.o
                0x08000000                g_pfnVectors
                0x080000c0                        . = ALIGN (0x4)

.text           0x080000c0     0x1748
                0x080000c0                        . = ALIGN (0x4)
 *(.text)
 .text          0x080000c0       0x48 C:/ST/STM32CubeIDE_1.15.0/STM32CubeIDE/plugins/com.st.stm32cube.ide.mcu.externaltools.gnu-tools-for-stm32.12.3.rel1.win32_1.0.100.202403111256/tools/bin/../lib/gcc/arm-none-eabi/12.3.1/thumb/v6-m/nofp/crtbegin.o
 .text          0x08000108      0x114 C:/ST/STM32CubeIDE_1.15.0/STM32CubeIDE/plugins/com.st.stm32cube.ide.mcu.externaltools.gnu-tools-for-stm32.12.3.rel1.win32_1.0.100.202403111256/tools/bin/../lib/gcc/arm-none-eabi/12.3.1/thumb/v6-m/nofp\libgcc.a(_udivsi3.o)
                0x08000108                __aeabi_uidiv
                0x08000108                __udivsi3
                0x08000214                __aeabi_uidivmod
 .text          0x0800021c        0x4 C:/ST/STM32CubeIDE_1.15.0/STM32CubeIDE/plugins/com.st.stm32cube.ide.mcu.externaltools.gnu-tools-for-stm32.12.3.rel1.win32_1.0.100.202403111256/tools/bin/../lib/gcc/arm-none-eabi/12.3.1/thumb/v6-m/nofp\libgcc.a(_dvmd_tls.o)
                0x0800021c                __aeabi_idiv0
                0x0800021c                __aeabi_ldiv0
 *(.text*)
 .text.xQueueGiveFromISR
                0x08000220       0x20 ./FreeRTOS/queue.o
                0x08000220                xQueueGiveFromISR
 .text.MyWrapper_xQueueGiveFromISR
                0x08000240      0x1a4 ./FreeRTOS/queue.o
                0x08000240                MyWrapper_xQueueGiveFromISR
 .text.uxTaskGetNumberOfTasks
                0x080003e4       0x14 ./FreeRTOS/tasks.o
                0x080003e4                uxTaskGetNumberOfTasks
 .text.xTaskIncrementTick
                0x080003f8      0x238 ./FreeRTOS/tasks.o
                0x080003f8                xTaskIncrementTick
 .text.vTaskSwitchContext
                0x08000630       0xe8 ./FreeRTOS/tasks.o
                0x08000630                vTaskSwitchContext
 .text.xTaskRemoveFromEventList
                0x08000718      0x1b0 ./FreeRTOS/tasks.o
                0x08000718                xTaskRemoveFromEventList
 .text.prvResetNextTaskUnblockTime
                0x080008c8       0x34 ./FreeRTOS/tasks.o
 .text.SVC_Handler
                0x080008fc        0xa ./FreeRTOS/portable/GCC/ARM_CM0/port.o
                0x080008fc                SVC_Handler
 .text.ulSetInterruptMaskFromISR
                0x08000906        0xc ./FreeRTOS/portable/GCC/ARM_CM0/port.o
                0x08000906                ulSetInterruptMaskFromISR
 .text.vClearInterruptMaskFromISR
                0x08000912        0x8 ./FreeRTOS/portable/GCC/ARM_CM0/port.o
                0x08000912                vClearInterruptMaskFromISR
 *fill*         0x0800091a        0x6 
 .text.PendSV_Handler
                0x08000920       0x48 ./FreeRTOS/portable/GCC/ARM_CM0/port.o
                0x08000920                PendSV_Handler
 .text.SysTick_Handler
                0x08000968       0x34 ./FreeRTOS/portable/GCC/ARM_CM0/port.o
                0x08000968                SysTick_Handler
 .text._DoInit  0x0800099c       0xb0 ./TraceRecorder/streamports/Jlink_RTT/SEGGER_RTT.o
 .text._WriteBlocking
                0x08000a4c       0xb8 ./TraceRecorder/streamports/Jlink_RTT/SEGGER_RTT.o
 .text._WriteNoCheck
                0x08000b04       0x8c ./TraceRecorder/streamports/Jlink_RTT/SEGGER_RTT.o
 .text._GetAvailWriteSpace
                0x08000b90       0x42 ./TraceRecorder/streamports/Jlink_RTT/SEGGER_RTT.o
 *fill*         0x08000bd2        0x2 
 .text.SEGGER_RTT_WriteNoLock
                0x08000bd4       0xb0 ./TraceRecorder/streamports/Jlink_RTT/SEGGER_RTT.o
                0x08000bd4                SEGGER_RTT_WriteNoLock
 .text.SEGGER_RTT_Write
                0x08000c84       0x50 ./TraceRecorder/streamports/Jlink_RTT/SEGGER_RTT.o
                0x08000c84                SEGGER_RTT_Write
 .text.xTraceEventCreate1
                0x08000cd4       0xf0 ./TraceRecorder/trcEvent.o
                0x08000cd4                xTraceEventCreate1
 .text.xTraceEventCreate2
                0x08000dc4       0xf8 ./TraceRecorder/trcEvent.o
                0x08000dc4                xTraceEventCreate2
 .text.xTraceTaskSwitch
                0x08000ebc       0x9c ./TraceRecorder/trcTask.o
                0x08000ebc                xTraceTaskSwitch
 .text.main     0x08000f58       0x1e ./app/src/main.o
                0x08000f58                main
 *fill*         0x08000f76        0x2 
 .text.SystemClock_Config
                0x08000f78      0x134 ./app/src/main.o
 .text.vAssertCalled
                0x080010ac       0x3c ./app/src/main.o
                0x080010ac                vAssertCalled
 .text.vApplicationStackOverflowHook
                0x080010e8        0xe ./app/src/main.o
                0x080010e8                vApplicationStackOverflowHook
 *fill*         0x080010f6        0x2 
 .text.printchar
                0x080010f8       0x48 ./app/src/printf-stdarg.o
 .text.prints   0x08001140       0xb8 ./app/src/printf-stdarg.o
 .text.printi   0x080011f8       0xec ./app/src/printf-stdarg.o
 .text.print    0x080012e4      0x1c8 ./app/src/printf-stdarg.o
 .text.my_printf
                0x080014ac       0x2a ./app/src/printf-stdarg.o
                0x080014ac                my_printf
 .text.NMI_Handler
                0x080014d6        0xa ./app/src/stm32f0xx_it.o
                0x080014d6                NMI_Handler
 .text.HardFault_Handler
                0x080014e0        0x8 ./app/src/stm32f0xx_it.o
                0x080014e0                HardFault_Handler
 .text.EXTI4_15_IRQHandler
                0x080014e8       0x50 ./app/src/stm32f0xx_it.o
                0x080014e8                EXTI4_15_IRQHandler
 .text.BSP_LED_Init
                0x08001538       0x98 ./bsp/src/bsp.o
                0x08001538                BSP_LED_Init
 .text.BSP_LED_Toggle
                0x080015d0       0x1a ./bsp/src/bsp.o
                0x080015d0                BSP_LED_Toggle
 *fill*         0x080015ea        0x2 
 .text.BSP_DELAY_ms
                0x080015ec       0x30 ./bsp/src/delay.o
                0x080015ec                BSP_DELAY_ms
 .text.Reset_Handler
                0x0800161c       0x50 ./cmsis/device/src/startup_stm32f072xb.o
                0x0800161c                Reset_Handler
 .text.Default_Handler
                0x0800166c        0x2 ./cmsis/device/src/startup_stm32f072xb.o
                0x0800166c                TIM1_CC_IRQHandler
                0x0800166c                TSC_IRQHandler
                0x0800166c                ADC1_COMP_IRQHandler
                0x0800166c                I2C1_IRQHandler
                0x0800166c                RCC_CRS_IRQHandler
                0x0800166c                SPI1_IRQHandler
                0x0800166c                TIM6_DAC_IRQHandler
                0x0800166c                USART3_4_IRQHandler
                0x0800166c                EXTI2_3_IRQHandler
                0x0800166c                I2C2_IRQHandler
                0x0800166c                TIM17_IRQHandler
                0x0800166c                CEC_CAN_IRQHandler
                0x0800166c                RTC_IRQHandler
                0x0800166c                PVD_VDDIO2_IRQHandler
                0x0800166c                DMA1_Channel4_5_6_7_IRQHandler
                0x0800166c                TIM16_IRQHandler
                0x0800166c                TIM3_IRQHandler
                0x0800166c                DMA1_Channel1_IRQHandler
                0x0800166c                Default_Handler
                0x0800166c                TIM14_IRQHandler
                0x0800166c                TIM7_IRQHandler
                0x0800166c                TIM15_IRQHandler
                0x0800166c                EXTI0_1_IRQHandler
                0x0800166c                USB_IRQHandler
                0x0800166c                SPI2_IRQHandler
                0x0800166c                WWDG_IRQHandler
                0x0800166c                TIM2_IRQHandler
                0x0800166c                DMA1_Channel2_3_IRQHandler
                0x0800166c                USART2_IRQHandler
                0x0800166c                FLASH_IRQHandler
                0x0800166c                USART1_IRQHandler
                0x0800166c                TIM1_BRK_UP_TRG_COM_IRQHandler
 .text.SystemInit
                0x0800166e        0xa ./cmsis/device/src/system_stm32f0xx.o
                0x0800166e                SystemInit
 .text.SystemCoreClockUpdate
                0x08001678      0x10c ./cmsis/device/src/system_stm32f0xx.o
                0x08001678                SystemCoreClockUpdate
 .text.memset   0x08001784       0x10 C:/ST/STM32CubeIDE_1.15.0/STM32CubeIDE/plugins/com.st.stm32cube.ide.mcu.externaltools.gnu-tools-for-stm32.12.3.rel1.win32_1.0.100.202403111256/tools/bin/../lib/gcc/arm-none-eabi/12.3.1/../../../../arm-none-eabi/lib/thumb/v6-m/nofp\libc_nano.a(libc_a-memset.o)
                0x08001784                memset
 .text.__libc_init_array
                0x08001794       0x48 C:/ST/STM32CubeIDE_1.15.0/STM32CubeIDE/plugins/com.st.stm32cube.ide.mcu.externaltools.gnu-tools-for-stm32.12.3.rel1.win32_1.0.100.202403111256/tools/bin/../lib/gcc/arm-none-eabi/12.3.1/../../../../arm-none-eabi/lib/thumb/v6-m/nofp\libc_nano.a(libc_a-init.o)
                0x08001794                __libc_init_array
 .text.memcpy   0x080017dc       0x12 C:/ST/STM32CubeIDE_1.15.0/STM32CubeIDE/plugins/com.st.stm32cube.ide.mcu.externaltools.gnu-tools-for-stm32.12.3.rel1.win32_1.0.100.202403111256/tools/bin/../lib/gcc/arm-none-eabi/12.3.1/../../../../arm-none-eabi/lib/thumb/v6-m/nofp\libc_nano.a(libc_a-memcpy-stub.o)
                0x080017dc                memcpy
 *(.glue_7)
 .glue_7        0x080017ee        0x0 linker stubs
 *(.glue_7t)
 .glue_7t       0x080017ee        0x0 linker stubs
 *(.eh_frame)
 *fill*         0x080017ee        0x2 
 .eh_frame      0x080017f0        0x0 C:/ST/STM32CubeIDE_1.15.0/STM32CubeIDE/plugins/com.st.stm32cube.ide.mcu.externaltools.gnu-tools-for-stm32.12.3.rel1.win32_1.0.100.202403111256/tools/bin/../lib/gcc/arm-none-eabi/12.3.1/thumb/v6-m/nofp/crtbegin.o
 *(.init)
 .init          0x080017f0        0x4 C:/ST/STM32CubeIDE_1.15.0/STM32CubeIDE/plugins/com.st.stm32cube.ide.mcu.externaltools.gnu-tools-for-stm32.12.3.rel1.win32_1.0.100.202403111256/tools/bin/../lib/gcc/arm-none-eabi/12.3.1/thumb/v6-m/nofp/crti.o
                0x080017f0                _init
 .init          0x080017f4        0x8 C:/ST/STM32CubeIDE_1.15.0/STM32CubeIDE/plugins/com.st.stm32cube.ide.mcu.externaltools.gnu-tools-for-stm32.12.3.rel1.win32_1.0.100.202403111256/tools/bin/../lib/gcc/arm-none-eabi/12.3.1/thumb/v6-m/nofp/crtn.o
 *(.fini)
 .fini          0x080017fc        0x4 C:/ST/STM32CubeIDE_1.15.0/STM32CubeIDE/plugins/com.st.stm32cube.ide.mcu.externaltools.gnu-tools-for-stm32.12.3.rel1.win32_1.0.100.202403111256/tools/bin/../lib/gcc/arm-none-eabi/12.3.1/thumb/v6-m/nofp/crti.o
                0x080017fc                _fini
 .fini          0x08001800        0x8 C:/ST/STM32CubeIDE_1.15.0/STM32CubeIDE/plugins/com.st.stm32cube.ide.mcu.externaltools.gnu-tools-for-stm32.12.3.rel1.win32_1.0.100.202403111256/tools/bin/../lib/gcc/arm-none-eabi/12.3.1/thumb/v6-m/nofp/crtn.o
                0x08001808                        . = ALIGN (0x4)
                0x08001808                        _etext = .

.vfp11_veneer   0x08001808        0x0
 .vfp11_veneer  0x08001808        0x0 linker stubs

.v4_bx          0x08001808        0x0
 .v4_bx         0x08001808        0x0 linker stubs

.iplt           0x08001808        0x0
 .iplt          0x08001808        0x0 C:/ST/STM32CubeIDE_1.15.0/STM32CubeIDE/plugins/com.st.stm32cube.ide.mcu.externaltools.gnu-tools-for-stm32.12.3.rel1.win32_1.0.100.202403111256/tools/bin/../lib/gcc/arm-none-eabi/12.3.1/thumb/v6-m/nofp/crtbegin.o

.rodata         0x08001808      0x1ec
                0x08001808                        . = ALIGN (0x4)
 *(.rodata)
 .rodata        0x08001808       0x15 ./FreeRTOS/queue.o
 *fill*         0x0800181d        0x3 
 .rodata        0x08001820       0x19 ./FreeRTOS/tasks.o
 *fill*         0x08001839        0x3 
 .rodata        0x0800183c        0x9 ./TraceRecorder/streamports/Jlink_RTT/SEGGER_RTT.o
 *fill*         0x08001845        0x3 
 .rodata        0x08001848      0x180 ./app/src/main.o
 .rodata        0x080019c8        0x7 ./app/src/printf-stdarg.o
 *(.rodata*)
 *fill*         0x080019cf        0x1 
 .rodata._aInitStr.0
                0x080019d0       0x11 ./TraceRecorder/streamports/Jlink_RTT/SEGGER_RTT.o
 *fill*         0x080019e1        0x3 
 .rodata.AHBPrescTable
                0x080019e4       0x10 ./cmsis/device/src/system_stm32f0xx.o
                0x080019e4                AHBPrescTable
                0x080019f4                        . = ALIGN (0x4)

.rel.dyn        0x080019f4        0x0
 .rel.iplt      0x080019f4        0x0 C:/ST/STM32CubeIDE_1.15.0/STM32CubeIDE/plugins/com.st.stm32cube.ide.mcu.externaltools.gnu-tools-for-stm32.12.3.rel1.win32_1.0.100.202403111256/tools/bin/../lib/gcc/arm-none-eabi/12.3.1/thumb/v6-m/nofp/crtbegin.o

.ARM.extab
 *(.ARM.extab* .gnu.linkonce.armextab.*)

.ARM            0x080019f4        0x0
                0x080019f4                        __exidx_start = .
 *(.ARM.exidx*)
                0x080019f4                        __exidx_end = .

.preinit_array  0x080019f4        0x0
                0x080019f4                        PROVIDE (__preinit_array_start = .)
 *(.preinit_array*)
                0x080019f4                        PROVIDE (__preinit_array_end = .)

.init_array     0x080019f4        0x4
                0x080019f4                        PROVIDE (__init_array_start = .)
 *(SORT_BY_NAME(.init_array.*))
 *(.init_array*)
 .init_array    0x080019f4        0x4 C:/ST/STM32CubeIDE_1.15.0/STM32CubeIDE/plugins/com.st.stm32cube.ide.mcu.externaltools.gnu-tools-for-stm32.12.3.rel1.win32_1.0.100.202403111256/tools/bin/../lib/gcc/arm-none-eabi/12.3.1/thumb/v6-m/nofp/crtbegin.o
                0x080019f8                        PROVIDE (__init_array_end = .)

.fini_array     0x080019f8        0x4
                [!provide]                        PROVIDE (__fini_array_start = .)
 *(SORT_BY_NAME(.fini_array.*))
 *(.fini_array*)
 .fini_array    0x080019f8        0x4 C:/ST/STM32CubeIDE_1.15.0/STM32CubeIDE/plugins/com.st.stm32cube.ide.mcu.externaltools.gnu-tools-for-stm32.12.3.rel1.win32_1.0.100.202403111256/tools/bin/../lib/gcc/arm-none-eabi/12.3.1/thumb/v6-m/nofp/crtbegin.o
                [!provide]                        PROVIDE (__fini_array_end = .)
                0x080019fc                        _sidata = LOADADDR (.data)

.data           0x20000000        0x4 load address 0x080019fc
                0x20000000                        . = ALIGN (0x4)
                0x20000000                        _sdata = .
 *(.data)
 *(.data*)
 .data.SystemCoreClock
                0x20000000        0x4 ./cmsis/device/src/system_stm32f0xx.o
                0x20000000                SystemCoreClock
                0x20000004                        . = ALIGN (0x4)
                0x20000004                        _edata = .

.igot.plt       0x20000004        0x0 load address 0x08001a00
 .igot.plt      0x20000004        0x0 C:/ST/STM32CubeIDE_1.15.0/STM32CubeIDE/plugins/com.st.stm32cube.ide.mcu.externaltools.gnu-tools-for-stm32.12.3.rel1.win32_1.0.100.202403111256/tools/bin/../lib/gcc/arm-none-eabi/12.3.1/thumb/v6-m/nofp/crtbegin.o
                0x20000004                        . = ALIGN (0x4)

.bss            0x20000004      0x598 load address 0x08001a00
                0x20000004                        _sbss = .
                0x20000004                        __bss_start__ = _sbss
 *(.bss)
 .bss           0x20000004       0x1c C:/ST/STM32CubeIDE_1.15.0/STM32CubeIDE/plugins/com.st.stm32cube.ide.mcu.externaltools.gnu-tools-for-stm32.12.3.rel1.win32_1.0.100.202403111256/tools/bin/../lib/gcc/arm-none-eabi/12.3.1/thumb/v6-m/nofp/crtbegin.o
 *(.bss*)
 .bss.pxCurrentTCB
                0x20000020        0x4 ./FreeRTOS/tasks.o
                0x20000020                pxCurrentTCB
 .bss.pxReadyTasksLists
                0x20000024       0x64 ./FreeRTOS/tasks.o
 .bss.pxDelayedTaskList
                0x20000088        0x4 ./FreeRTOS/tasks.o
 .bss.pxOverflowDelayedTaskList
                0x2000008c        0x4 ./FreeRTOS/tasks.o
 .bss.xPendingReadyList
                0x20000090       0x14 ./FreeRTOS/tasks.o
 .bss.uxCurrentNumberOfTasks
                0x200000a4        0x4 ./FreeRTOS/tasks.o
 .bss.xTickCount
                0x200000a8        0x4 ./FreeRTOS/tasks.o
 .bss.uxTopReadyPriority
                0x200000ac        0x4 ./FreeRTOS/tasks.o
 .bss.xPendedTicks
                0x200000b0        0x4 ./FreeRTOS/tasks.o
 .bss.xYieldPending
                0x200000b4        0x4 ./FreeRTOS/tasks.o
 .bss.xNumOfOverflows
                0x200000b8        0x4 ./FreeRTOS/tasks.o
 .bss.xNextTaskUnblockTime
                0x200000bc        0x4 ./FreeRTOS/tasks.o
 .bss.uxSchedulerSuspended
                0x200000c0        0x4 ./FreeRTOS/tasks.o
 .bss._SEGGER_RTT
                0x200000c4       0xa8 ./TraceRecorder/streamports/Jlink_RTT/SEGGER_RTT.o
                0x200000c4                _SEGGER_RTT
 .bss._acUpBuffer
                0x2000016c      0x400 ./TraceRecorder/streamports/Jlink_RTT/SEGGER_RTT.o
 .bss._acDownBuffer
                0x2000056c       0x10 ./TraceRecorder/streamports/Jlink_RTT/SEGGER_RTT.o
 .bss.pxTraceEventDataTable
                0x2000057c        0x4 ./TraceRecorder/trcEvent.o
                0x2000057c                pxTraceEventDataTable
 .bss.pxTraceISRData
                0x20000580        0x4 ./TraceRecorder/trcISR.o
                0x20000580                pxTraceISRData
 .bss.pxTraceStaticBufferTable
                0x20000584        0x4 ./TraceRecorder/trcStaticBuffer.o
                0x20000584                pxTraceStaticBufferTable
 .bss.pxTraceRecorderData
                0x20000588        0x4 ./TraceRecorder/trcStreamingRecorder.o
                0x20000588                pxTraceRecorderData
 .bss.RecorderInitialized
                0x2000058c        0x4 ./TraceRecorder/trcStreamingRecorder.o
                0x2000058c                RecorderInitialized
 .bss.pxTraceTaskData
                0x20000590        0x4 ./TraceRecorder/trcTask.o
                0x20000590                pxTraceTaskData
 .bss.pxTraceTimestamp
                0x20000594        0x4 ./TraceRecorder/trcTimestamp.o
                0x20000594                pxTraceTimestamp
 .bss.xSem      0x20000598        0x4 ./app/src/main.o
                0x20000598                xSem
 *(COMMON)
                0x2000059c                        . = ALIGN (0x4)
                0x2000059c                        _ebss = .
                0x2000059c                        __bss_end__ = _ebss

._user_heap_stack
                0x2000059c      0x604 load address 0x08001a00
                0x200005a0                        . = ALIGN (0x8)
 *fill*         0x2000059c        0x4 
                [!provide]                        PROVIDE (end = .)
                [!provide]                        PROVIDE (_end = .)
                0x200007a0                        . = (. + _Min_Heap_Size)
 *fill*         0x200005a0      0x200 
                0x20000ba0                        . = (. + _Min_Stack_Size)
 *fill*         0x200007a0      0x400 
                0x20000ba0                        . = ALIGN (0x8)

/DISCARD/
 libc.a(*)
 libm.a(*)
 libgcc.a(*)

.ARM.attributes
                0x00000000       0x28
 *(.ARM.attributes)
 .ARM.attributes
                0x00000000       0x1e C:/ST/STM32CubeIDE_1.15.0/STM32CubeIDE/plugins/com.st.stm32cube.ide.mcu.externaltools.gnu-tools-for-stm32.12.3.rel1.win32_1.0.100.202403111256/tools/bin/../lib/gcc/arm-none-eabi/12.3.1/thumb/v6-m/nofp/crti.o
 .ARM.attributes
                0x0000001e       0x2c C:/ST/STM32CubeIDE_1.15.0/STM32CubeIDE/plugins/com.st.stm32cube.ide.mcu.externaltools.gnu-tools-for-stm32.12.3.rel1.win32_1.0.100.202403111256/tools/bin/../lib/gcc/arm-none-eabi/12.3.1/thumb/v6-m/nofp/crtbegin.o
 .ARM.attributes
                0x0000004a       0x2c ./FreeRTOS/queue.o
 .ARM.attributes
                0x00000076       0x2c ./FreeRTOS/tasks.o
 .ARM.attributes
                0x000000a2       0x2c ./FreeRTOS/portable/GCC/ARM_CM0/port.o
 .ARM.attributes
                0x000000ce       0x2c ./TraceRecorder/streamports/Jlink_RTT/SEGGER_RTT.o
 .ARM.attributes
                0x000000fa       0x2c ./TraceRecorder/trcEvent.o
 .ARM.attributes
                0x00000126       0x2c ./TraceRecorder/trcISR.o
 .ARM.attributes
                0x00000152       0x2c ./TraceRecorder/trcStaticBuffer.o
 .ARM.attributes
                0x0000017e       0x2c ./TraceRecorder/trcStreamingRecorder.o
 .ARM.attributes
                0x000001aa       0x2c ./TraceRecorder/trcTask.o
 .ARM.attributes
                0x000001d6       0x2c ./TraceRecorder/trcTimestamp.o
 .ARM.attributes
                0x00000202       0x2c ./app/src/main.o
 .ARM.attributes
                0x0000022e       0x2c ./app/src/printf-stdarg.o
 .ARM.attributes
                0x0000025a       0x2c ./app/src/stm32f0xx_it.o
 .ARM.attributes
                0x00000286       0x2c ./bsp/src/bsp.o
 .ARM.attributes
                0x000002b2       0x2c ./bsp/src/delay.o
 .ARM.attributes
                0x000002de       0x21 ./cmsis/device/src/startup_stm32f072xb.o
 .ARM.attributes
                0x000002ff       0x2c ./cmsis/device/src/system_stm32f0xx.o
 .ARM.attributes
                0x0000032b       0x2c C:/ST/STM32CubeIDE_1.15.0/STM32CubeIDE/plugins/com.st.stm32cube.ide.mcu.externaltools.gnu-tools-for-stm32.12.3.rel1.win32_1.0.100.202403111256/tools/bin/../lib/gcc/arm-none-eabi/12.3.1/../../../../arm-none-eabi/lib/thumb/v6-m/nofp\libc_nano.a(libc_a-memset.o)
 .ARM.attributes
                0x00000357       0x2c C:/ST/STM32CubeIDE_1.15.0/STM32CubeIDE/plugins/com.st.stm32cube.ide.mcu.externaltools.gnu-tools-for-stm32.12.3.rel1.win32_1.0.100.202403111256/tools/bin/../lib/gcc/arm-none-eabi/12.3.1/../../../../arm-none-eabi/lib/thumb/v6-m/nofp\libc_nano.a(libc_a-init.o)
 .ARM.attributes
                0x00000383       0x2c C:/ST/STM32CubeIDE_1.15.0/STM32CubeIDE/plugins/com.st.stm32cube.ide.mcu.externaltools.gnu-tools-for-stm32.12.3.rel1.win32_1.0.100.202403111256/tools/bin/../lib/gcc/arm-none-eabi/12.3.1/../../../../arm-none-eabi/lib/thumb/v6-m/nofp\libc_nano.a(libc_a-memcpy-stub.o)
 .ARM.attributes
                0x000003af       0x1e C:/ST/STM32CubeIDE_1.15.0/STM32CubeIDE/plugins/com.st.stm32cube.ide.mcu.externaltools.gnu-tools-for-stm32.12.3.rel1.win32_1.0.100.202403111256/tools/bin/../lib/gcc/arm-none-eabi/12.3.1/thumb/v6-m/nofp/crtn.o
 .ARM.attributes
                0x000003cd       0x1e C:/ST/STM32CubeIDE_1.15.0/STM32CubeIDE/plugins/com.st.stm32cube.ide.mcu.externaltools.gnu-tools-for-stm32.12.3.rel1.win32_1.0.100.202403111256/tools/bin/../lib/gcc/arm-none-eabi/12.3.1/thumb/v6-m/nofp\libgcc.a(_udivsi3.o)
 .ARM.attributes
                0x000003eb       0x1e C:/ST/STM32CubeIDE_1.15.0/STM32CubeIDE/plugins/com.st.stm32cube.ide.mcu.externaltools.gnu-tools-for-stm32.12.3.rel1.win32_1.0.100.202403111256/tools/bin/../lib/gcc/arm-none-eabi/12.3.1/thumb/v6-m/nofp\libgcc.a(_dvmd_tls.o)
OUTPUT(blink3.elf elf32-littlearm)
LOAD linker stubs
LOAD C:/ST/STM32CubeIDE_1.15.0/STM32CubeIDE/plugins/com.st.stm32cube.ide.mcu.externaltools.gnu-tools-for-stm32.12.3.rel1.win32_1.0.100.202403111256/tools/bin/../lib/gcc/arm-none-eabi/12.3.1/../../../../arm-none-eabi/lib/thumb/v6-m/nofp\libc.a
LOAD C:/ST/STM32CubeIDE_1.15.0/STM32CubeIDE/plugins/com.st.stm32cube.ide.mcu.externaltools.gnu-tools-for-stm32.12.3.rel1.win32_1.0.100.202403111256/tools/bin/../lib/gcc/arm-none-eabi/12.3.1/../../../../arm-none-eabi/lib/thumb/v6-m/nofp\libm.a
LOAD C:/ST/STM32CubeIDE_1.15.0/STM32CubeIDE/plugins/com.st.stm32cube.ide.mcu.externaltools.gnu-tools-for-stm32.12.3.rel1.win32_1.0.100.202403111256/tools/bin/../lib/gcc/arm-none-eabi/12.3.1/thumb/v6-m/nofp\libgcc.a

.debug_info     0x00000000     0x9852
 .debug_info    0x00000000     0x12d8 ./FreeRTOS/queue.o
 .debug_info    0x000012d8     0x1b6c ./FreeRTOS/tasks.o
 .debug_info    0x00002e44      0x2ad ./FreeRTOS/portable/GCC/ARM_CM0/port.o
 .debug_info    0x000030f1     0x1586 ./TraceRecorder/streamports/Jlink_RTT/SEGGER_RTT.o
 .debug_info    0x00004677     0x1945 ./TraceRecorder/trcEvent.o
 .debug_info    0x00005fbc      0x53b ./TraceRecorder/trcISR.o
 .debug_info    0x000064f7      0x184 ./TraceRecorder/trcStaticBuffer.o
 .debug_info    0x0000667b     0x1229 ./TraceRecorder/trcStreamingRecorder.o
 .debug_info    0x000078a4      0xa38 ./TraceRecorder/trcTask.o
 .debug_info    0x000082dc      0x17c ./TraceRecorder/trcTimestamp.o
 .debug_info    0x00008458      0x67a ./app/src/main.o
 .debug_info    0x00008ad2      0x459 ./app/src/printf-stdarg.o
 .debug_info    0x00008f2b      0x1b1 ./app/src/stm32f0xx_it.o
 .debug_info    0x000090dc      0x428 ./bsp/src/bsp.o
 .debug_info    0x00009504       0xe3 ./bsp/src/delay.o
 .debug_info    0x000095e7       0x30 ./cmsis/device/src/startup_stm32f072xb.o
 .debug_info    0x00009617      0x23b ./cmsis/device/src/system_stm32f0xx.o

.debug_abbrev   0x00000000     0x1eb5
 .debug_abbrev  0x00000000      0x2c2 ./FreeRTOS/queue.o
 .debug_abbrev  0x000002c2      0x32d ./FreeRTOS/tasks.o
 .debug_abbrev  0x000005ef      0x1fe ./FreeRTOS/portable/GCC/ARM_CM0/port.o
 .debug_abbrev  0x000007ed      0x230 ./TraceRecorder/streamports/Jlink_RTT/SEGGER_RTT.o
 .debug_abbrev  0x00000a1d      0x311 ./TraceRecorder/trcEvent.o
 .debug_abbrev  0x00000d2e      0x1eb ./TraceRecorder/trcISR.o
 .debug_abbrev  0x00000f19       0xdf ./TraceRecorder/trcStaticBuffer.o
 .debug_abbrev  0x00000ff8      0x3ae ./TraceRecorder/trcStreamingRecorder.o
 .debug_abbrev  0x000013a6      0x248 ./TraceRecorder/trcTask.o
 .debug_abbrev  0x000015ee       0xc8 ./TraceRecorder/trcTimestamp.o
 .debug_abbrev  0x000016b6      0x29c ./app/src/main.o
 .debug_abbrev  0x00001952      0x192 ./app/src/printf-stdarg.o
 .debug_abbrev  0x00001ae4      0x118 ./app/src/stm32f0xx_it.o
 .debug_abbrev  0x00001bfc       0xe4 ./bsp/src/bsp.o
 .debug_abbrev  0x00001ce0       0x95 ./bsp/src/delay.o
 .debug_abbrev  0x00001d75       0x24 ./cmsis/device/src/startup_stm32f072xb.o
 .debug_abbrev  0x00001d99      0x11c ./cmsis/device/src/system_stm32f0xx.o

.debug_aranges  0x00000000      0x858
 .debug_aranges
                0x00000000      0x120 ./FreeRTOS/queue.o
 .debug_aranges
                0x00000120      0x1b8 ./FreeRTOS/tasks.o
 .debug_aranges
                0x000002d8       0x88 ./FreeRTOS/portable/GCC/ARM_CM0/port.o
 .debug_aranges
                0x00000360      0x140 ./TraceRecorder/streamports/Jlink_RTT/SEGGER_RTT.o
 .debug_aranges
                0x000004a0       0xa8 ./TraceRecorder/trcEvent.o
 .debug_aranges
                0x00000548       0x40 ./TraceRecorder/trcISR.o
 .debug_aranges
                0x00000588       0x20 ./TraceRecorder/trcStaticBuffer.o
 .debug_aranges
                0x000005a8       0xa8 ./TraceRecorder/trcStreamingRecorder.o
 .debug_aranges
                0x00000650       0x38 ./TraceRecorder/trcTask.o
 .debug_aranges
                0x00000688       0x20 ./TraceRecorder/trcTimestamp.o
 .debug_aranges
                0x000006a8       0x68 ./app/src/main.o
 .debug_aranges
                0x00000710       0x48 ./app/src/printf-stdarg.o
 .debug_aranges
                0x00000758       0x38 ./app/src/stm32f0xx_it.o
 .debug_aranges
                0x00000790       0x50 ./bsp/src/bsp.o
 .debug_aranges
                0x000007e0       0x28 ./bsp/src/delay.o
 .debug_aranges
                0x00000808       0x28 ./cmsis/device/src/startup_stm32f072xb.o
 .debug_aranges
                0x00000830       0x28 ./cmsis/device/src/system_stm32f0xx.o

.debug_rnglists
                0x00000000      0x649
 .debug_rnglists
                0x00000000       0xe2 ./FreeRTOS/queue.o
 .debug_rnglists
                0x000000e2      0x15f ./FreeRTOS/tasks.o
 .debug_rnglists
                0x00000241       0x61 ./FreeRTOS/portable/GCC/ARM_CM0/port.o
 .debug_rnglists
                0x000002a2       0xfc ./TraceRecorder/streamports/Jlink_RTT/SEGGER_RTT.o
 .debug_rnglists
                0x0000039e       0x89 ./TraceRecorder/trcEvent.o
 .debug_rnglists
                0x00000427       0x2d ./TraceRecorder/trcISR.o
 .debug_rnglists
                0x00000454       0x13 ./TraceRecorder/trcStaticBuffer.o
 .debug_rnglists
                0x00000467       0x7e ./TraceRecorder/trcStreamingRecorder.o
 .debug_rnglists
                0x000004e5       0x26 ./TraceRecorder/trcTask.o
 .debug_rnglists
                0x0000050b       0x13 ./TraceRecorder/trcTimestamp.o
 .debug_rnglists
                0x0000051e       0x4c ./app/src/main.o
 .debug_rnglists
                0x0000056a       0x34 ./app/src/printf-stdarg.o
 .debug_rnglists
                0x0000059e       0x25 ./app/src/stm32f0xx_it.o
 .debug_rnglists
                0x000005c3       0x3a ./bsp/src/bsp.o
 .debug_rnglists
                0x000005fd       0x19 ./bsp/src/delay.o
 .debug_rnglists
                0x00000616       0x19 ./cmsis/device/src/startup_stm32f072xb.o
 .debug_rnglists
                0x0000062f       0x1a ./cmsis/device/src/system_stm32f0xx.o

.debug_macro    0x00000000     0x3345
 .debug_macro   0x00000000      0x455 ./FreeRTOS/queue.o
 .debug_macro   0x00000455       0x16 ./FreeRTOS/queue.o
 .debug_macro   0x0000046b       0x20 ./FreeRTOS/queue.o
 .debug_macro   0x0000048b       0x80 ./FreeRTOS/queue.o
 .debug_macro   0x0000050b      0x4aa ./FreeRTOS/tasks.o
 .debug_macro   0x000009b5       0x16 ./FreeRTOS/tasks.o
 .debug_macro   0x000009cb      0x446 ./FreeRTOS/portable/GCC/ARM_CM0/port.o
 .debug_macro   0x00000e11      0x1e9 ./TraceRecorder/streamports/Jlink_RTT/SEGGER_RTT.o
 .debug_macro   0x00000ffa      0x45a ./TraceRecorder/trcEvent.o
 .debug_macro   0x00001454      0x3ac ./TraceRecorder/trcISR.o
 .debug_macro   0x00001800      0x3ac ./TraceRecorder/trcStaticBuffer.o
 .debug_macro   0x00001bac      0x3be ./TraceRecorder/trcStreamingRecorder.o
 .debug_macro   0x00001f6a      0x3b8 ./TraceRecorder/trcTask.o
 .debug_macro   0x00002322      0x3ac ./TraceRecorder/trcTimestamp.o
 .debug_macro   0x000026ce      0x439 ./app/src/main.o
 .debug_macro   0x00002b07       0x86 ./app/src/main.o
 .debug_macro   0x00002b8d       0x62 ./app/src/main.o
 .debug_macro   0x00002bef       0xd5 ./app/src/printf-stdarg.o
 .debug_macro   0x00002cc4      0x42d ./app/src/stm32f0xx_it.o
 .debug_macro   0x000030f1       0xc4 ./bsp/src/bsp.o
 .debug_macro   0x000031b5       0xc4 ./bsp/src/delay.o
 .debug_macro   0x00003279       0xcc ./cmsis/device/src/system_stm32f0xx.o

.debug_line     0x00000000     0xe52c
 .debug_line    0x00000000     0x1aed ./FreeRTOS/queue.o
 .debug_line    0x00001aed     0x1d3b ./FreeRTOS/tasks.o
 .debug_line    0x00003828      0xdf8 ./FreeRTOS/portable/GCC/ARM_CM0/port.o
 .debug_line    0x00004620      0xfee ./TraceRecorder/streamports/Jlink_RTT/SEGGER_RTT.o
 .debug_line    0x0000560e     0x137b ./TraceRecorder/trcEvent.o
 .debug_line    0x00006989      0xd9b ./TraceRecorder/trcISR.o
 .debug_line    0x00007724      0xc04 ./TraceRecorder/trcStaticBuffer.o
 .debug_line    0x00008328     0x118e ./TraceRecorder/trcStreamingRecorder.o
 .debug_line    0x000094b6      0xce8 ./TraceRecorder/trcTask.o
 .debug_line    0x0000a19e      0xc31 ./TraceRecorder/trcTimestamp.o
 .debug_line    0x0000adcf      0xf95 ./app/src/main.o
 .debug_line    0x0000bd64      0x82a ./app/src/printf-stdarg.o
 .debug_line    0x0000c58e      0xd0c ./app/src/stm32f0xx_it.o
 .debug_line    0x0000d29a      0x6c3 ./bsp/src/bsp.o
 .debug_line    0x0000d95d      0x59d ./bsp/src/delay.o
 .debug_line    0x0000defa       0x7b ./cmsis/device/src/startup_stm32f072xb.o
 .debug_line    0x0000df75      0x5b7 ./cmsis/device/src/system_stm32f0xx.o

.debug_str      0x00000000    0x7807b
 .debug_str     0x00000000    0x723bb ./FreeRTOS/queue.o
                              0x72774 (size before relaxing)
 .debug_str     0x000723bb     0x1af9 ./FreeRTOS/tasks.o
                              0x7317d (size before relaxing)
 .debug_str     0x00073eb4      0x456 ./FreeRTOS/portable/GCC/ARM_CM0/port.o
                              0x716e1 (size before relaxing)
 .debug_str     0x0007430a      0x7f3 ./TraceRecorder/streamports/Jlink_RTT/SEGGER_RTT.o
                               0x85f8 (size before relaxing)
 .debug_str     0x00074afd     0x1fb3 ./TraceRecorder/trcEvent.o
                              0x715c1 (size before relaxing)
 .debug_str     0x00076ab0      0x127 ./TraceRecorder/trcISR.o
                              0x70097 (size before relaxing)
 .debug_str     0x00076bd7       0x40 ./TraceRecorder/trcStaticBuffer.o
                              0x6fee7 (size before relaxing)
 .debug_str     0x00076c17      0x5a3 ./TraceRecorder/trcStreamingRecorder.o
                              0x70d62 (size before relaxing)
 .debug_str     0x000771ba       0xd5 ./TraceRecorder/trcTask.o
                              0x7073d (size before relaxing)
 .debug_str     0x0007728f       0x20 ./TraceRecorder/trcTimestamp.o
                              0x6fec3 (size before relaxing)
 .debug_str     0x000772af      0xa8a ./app/src/main.o
                              0x735ea (size before relaxing)
 .debug_str     0x00077d39       0xda ./app/src/printf-stdarg.o
                              0x5a882 (size before relaxing)
 .debug_str     0x00077e13       0x89 ./app/src/stm32f0xx_it.o
                              0x732d8 (size before relaxing)
 .debug_str     0x00077e9c       0xa9 ./bsp/src/bsp.o
                              0x5a7e4 (size before relaxing)
 .debug_str     0x00077f45       0x26 ./bsp/src/delay.o
                              0x5a685 (size before relaxing)
 .debug_str     0x00077f6b       0x46 ./cmsis/device/src/startup_stm32f072xb.o
                                 0x80 (size before relaxing)
 .debug_str     0x00077fb1       0xca ./cmsis/device/src/system_stm32f0xx.o
                              0x5a799 (size before relaxing)

.comment        0x00000000       0x43
 .comment       0x00000000       0x43 ./FreeRTOS/queue.o
                                 0x44 (size before relaxing)
 .comment       0x00000043       0x44 ./FreeRTOS/tasks.o
 .comment       0x00000043       0x44 ./FreeRTOS/portable/GCC/ARM_CM0/port.o
 .comment       0x00000043       0x44 ./TraceRecorder/streamports/Jlink_RTT/SEGGER_RTT.o
 .comment       0x00000043       0x44 ./TraceRecorder/trcEvent.o
 .comment       0x00000043       0x44 ./TraceRecorder/trcISR.o
 .comment       0x00000043       0x44 ./TraceRecorder/trcStaticBuffer.o
 .comment       0x00000043       0x44 ./TraceRecorder/trcStreamingRecorder.o
 .comment       0x00000043       0x44 ./TraceRecorder/trcTask.o
 .comment       0x00000043       0x44 ./TraceRecorder/trcTimestamp.o
 .comment       0x00000043       0x44 ./app/src/main.o
 .comment       0x00000043       0x44 ./app/src/printf-stdarg.o
 .comment       0x00000043       0x44 ./app/src/stm32f0xx_it.o
 .comment       0x00000043       0x44 ./bsp/src/bsp.o
 .comment       0x00000043       0x44 ./bsp/src/delay.o
 .comment       0x00000043       0x44 ./cmsis/device/src/system_stm32f0xx.o

.debug_frame    0x00000000     0x1bc0
 .debug_frame   0x00000000      0x438 ./FreeRTOS/queue.o
 .debug_frame   0x00000438      0x674 ./FreeRTOS/tasks.o
 .debug_frame   0x00000aac      0x174 ./FreeRTOS/portable/GCC/ARM_CM0/port.o
 .debug_frame   0x00000c20      0x4ac ./TraceRecorder/streamports/Jlink_RTT/SEGGER_RTT.o
 .debug_frame   0x000010cc      0x250 ./TraceRecorder/trcEvent.o
 .debug_frame   0x0000131c       0xb0 ./TraceRecorder/trcISR.o
 .debug_frame   0x000013cc       0x30 ./TraceRecorder/trcStaticBuffer.o
 .debug_frame   0x000013fc      0x240 ./TraceRecorder/trcStreamingRecorder.o
 .debug_frame   0x0000163c       0x90 ./TraceRecorder/trcTask.o
 .debug_frame   0x000016cc       0x30 ./TraceRecorder/trcTimestamp.o
 .debug_frame   0x000016fc      0x150 ./app/src/main.o
 .debug_frame   0x0000184c       0xe8 ./app/src/printf-stdarg.o
 .debug_frame   0x00001934       0x84 ./app/src/stm32f0xx_it.o
 .debug_frame   0x000019b8       0xd8 ./bsp/src/bsp.o
 .debug_frame   0x00001a90       0x50 ./bsp/src/delay.o
 .debug_frame   0x00001ae0       0x4c ./cmsis/device/src/system_stm32f0xx.o
 .debug_frame   0x00001b2c       0x20 C:/ST/STM32CubeIDE_1.15.0/STM32CubeIDE/plugins/com.st.stm32cube.ide.mcu.externaltools.gnu-tools-for-stm32.12.3.rel1.win32_1.0.100.202403111256/tools/bin/../lib/gcc/arm-none-eabi/12.3.1/../../../../arm-none-eabi/lib/thumb/v6-m/nofp\libc_nano.a(libc_a-memset.o)
 .debug_frame   0x00001b4c       0x2c C:/ST/STM32CubeIDE_1.15.0/STM32CubeIDE/plugins/com.st.stm32cube.ide.mcu.externaltools.gnu-tools-for-stm32.12.3.rel1.win32_1.0.100.202403111256/tools/bin/../lib/gcc/arm-none-eabi/12.3.1/../../../../arm-none-eabi/lib/thumb/v6-m/nofp\libc_nano.a(libc_a-init.o)
 .debug_frame   0x00001b78       0x28 C:/ST/STM32CubeIDE_1.15.0/STM32CubeIDE/plugins/com.st.stm32cube.ide.mcu.externaltools.gnu-tools-for-stm32.12.3.rel1.win32_1.0.100.202403111256/tools/bin/../lib/gcc/arm-none-eabi/12.3.1/../../../../arm-none-eabi/lib/thumb/v6-m/nofp\libc_nano.a(libc_a-memcpy-stub.o)
 .debug_frame   0x00001ba0       0x20 C:/ST/STM32CubeIDE_1.15.0/STM32CubeIDE/plugins/com.st.stm32cube.ide.mcu.externaltools.gnu-tools-for-stm32.12.3.rel1.win32_1.0.100.202403111256/tools/bin/../lib/gcc/arm-none-eabi/12.3.1/thumb/v6-m/nofp\libgcc.a(_udivsi3.o)

.debug_line_str
                0x00000000       0x64
 .debug_line_str
                0x00000000       0x64 ./cmsis/device/src/startup_stm32f072xb.o
