Archive member included to satisfy reference by file (symbol)

C:/ST/STM32CubeIDE_1.15.0/STM32CubeIDE/plugins/com.st.stm32cube.ide.mcu.externaltools.gnu-tools-for-stm32.12.3.rel1.win32_1.0.100.202403111256/tools/bin/../lib/gcc/arm-none-eabi/12.3.1/../../../../arm-none-eabi/lib/thumb/v6-m/nofp\libc_nano.a(libc_a-exit.o)
                              C:/ST/STM32CubeIDE_1.15.0/STM32CubeIDE/plugins/com.st.stm32cube.ide.mcu.externaltools.gnu-tools-for-stm32.12.3.rel1.win32_1.0.100.202403111256/tools/bin/../lib/gcc/arm-none-eabi/12.3.1/../../../../arm-none-eabi/lib/thumb/v6-m/nofp/crt0.o (exit)
C:/ST/STM32CubeIDE_1.15.0/STM32CubeIDE/plugins/com.st.stm32cube.ide.mcu.externaltools.gnu-tools-for-stm32.12.3.rel1.win32_1.0.100.202403111256/tools/bin/../lib/gcc/arm-none-eabi/12.3.1/../../../../arm-none-eabi/lib/thumb/v6-m/nofp\libc_nano.a(libc_a-findfp.o)
                              C:/ST/STM32CubeIDE_1.15.0/STM32CubeIDE/plugins/com.st.stm32cube.ide.mcu.externaltools.gnu-tools-for-stm32.12.3.rel1.win32_1.0.100.202403111256/tools/bin/../lib/gcc/arm-none-eabi/12.3.1/../../../../arm-none-eabi/lib/thumb/v6-m/nofp\libc_nano.a(libc_a-exit.o) (__stdio_exit_handler)
C:/ST/STM32CubeIDE_1.15.0/STM32CubeIDE/plugins/com.st.stm32cube.ide.mcu.externaltools.gnu-tools-for-stm32.12.3.rel1.win32_1.0.100.202403111256/tools/bin/../lib/gcc/arm-none-eabi/12.3.1/../../../../arm-none-eabi/lib/thumb/v6-m/nofp\libc_nano.a(libc_a-fwalk.o)
                              C:/ST/STM32CubeIDE_1.15.0/STM32CubeIDE/plugins/com.st.stm32cube.ide.mcu.externaltools.gnu-tools-for-stm32.12.3.rel1.win32_1.0.100.202403111256/tools/bin/../lib/gcc/arm-none-eabi/12.3.1/../../../../arm-none-eabi/lib/thumb/v6-m/nofp\libc_nano.a(libc_a-findfp.o) (_fwalk_sglue)
C:/ST/STM32CubeIDE_1.15.0/STM32CubeIDE/plugins/com.st.stm32cube.ide.mcu.externaltools.gnu-tools-for-stm32.12.3.rel1.win32_1.0.100.202403111256/tools/bin/../lib/gcc/arm-none-eabi/12.3.1/../../../../arm-none-eabi/lib/thumb/v6-m/nofp\libc_nano.a(libc_a-stdio.o)
                              C:/ST/STM32CubeIDE_1.15.0/STM32CubeIDE/plugins/com.st.stm32cube.ide.mcu.externaltools.gnu-tools-for-stm32.12.3.rel1.win32_1.0.100.202403111256/tools/bin/../lib/gcc/arm-none-eabi/12.3.1/../../../../arm-none-eabi/lib/thumb/v6-m/nofp\libc_nano.a(libc_a-findfp.o) (__sread)
C:/ST/STM32CubeIDE_1.15.0/STM32CubeIDE/plugins/com.st.stm32cube.ide.mcu.externaltools.gnu-tools-for-stm32.12.3.rel1.win32_1.0.100.202403111256/tools/bin/../lib/gcc/arm-none-eabi/12.3.1/../../../../arm-none-eabi/lib/thumb/v6-m/nofp\libc_nano.a(libc_a-memset.o)
                              C:/ST/STM32CubeIDE_1.15.0/STM32CubeIDE/plugins/com.st.stm32cube.ide.mcu.externaltools.gnu-tools-for-stm32.12.3.rel1.win32_1.0.100.202403111256/tools/bin/../lib/gcc/arm-none-eabi/12.3.1/../../../../arm-none-eabi/lib/thumb/v6-m/nofp/crt0.o (memset)
C:/ST/STM32CubeIDE_1.15.0/STM32CubeIDE/plugins/com.st.stm32cube.ide.mcu.externaltools.gnu-tools-for-stm32.12.3.rel1.win32_1.0.100.202403111256/tools/bin/../lib/gcc/arm-none-eabi/12.3.1/../../../../arm-none-eabi/lib/thumb/v6-m/nofp\libc_nano.a(libc_a-closer.o)
                              C:/ST/STM32CubeIDE_1.15.0/STM32CubeIDE/plugins/com.st.stm32cube.ide.mcu.externaltools.gnu-tools-for-stm32.12.3.rel1.win32_1.0.100.202403111256/tools/bin/../lib/gcc/arm-none-eabi/12.3.1/../../../../arm-none-eabi/lib/thumb/v6-m/nofp\libc_nano.a(libc_a-stdio.o) (_close_r)
C:/ST/STM32CubeIDE_1.15.0/STM32CubeIDE/plugins/com.st.stm32cube.ide.mcu.externaltools.gnu-tools-for-stm32.12.3.rel1.win32_1.0.100.202403111256/tools/bin/../lib/gcc/arm-none-eabi/12.3.1/../../../../arm-none-eabi/lib/thumb/v6-m/nofp\libc_nano.a(libc_a-reent.o)
                              C:/ST/STM32CubeIDE_1.15.0/STM32CubeIDE/plugins/com.st.stm32cube.ide.mcu.externaltools.gnu-tools-for-stm32.12.3.rel1.win32_1.0.100.202403111256/tools/bin/../lib/gcc/arm-none-eabi/12.3.1/../../../../arm-none-eabi/lib/thumb/v6-m/nofp\libc_nano.a(libc_a-closer.o) (errno)
C:/ST/STM32CubeIDE_1.15.0/STM32CubeIDE/plugins/com.st.stm32cube.ide.mcu.externaltools.gnu-tools-for-stm32.12.3.rel1.win32_1.0.100.202403111256/tools/bin/../lib/gcc/arm-none-eabi/12.3.1/../../../../arm-none-eabi/lib/thumb/v6-m/nofp\libc_nano.a(libc_a-impure.o)
                              C:/ST/STM32CubeIDE_1.15.0/STM32CubeIDE/plugins/com.st.stm32cube.ide.mcu.externaltools.gnu-tools-for-stm32.12.3.rel1.win32_1.0.100.202403111256/tools/bin/../lib/gcc/arm-none-eabi/12.3.1/../../../../arm-none-eabi/lib/thumb/v6-m/nofp\libc_nano.a(libc_a-reent.o) (_impure_ptr)
C:/ST/STM32CubeIDE_1.15.0/STM32CubeIDE/plugins/com.st.stm32cube.ide.mcu.externaltools.gnu-tools-for-stm32.12.3.rel1.win32_1.0.100.202403111256/tools/bin/../lib/gcc/arm-none-eabi/12.3.1/../../../../arm-none-eabi/lib/thumb/v6-m/nofp\libc_nano.a(libc_a-lseekr.o)
[...]
Memory Configuration

Name             Origin             Length             Attributes
FLASH            0x08000000         0x00020000         xr
RAM              0x20000000         0x00004000         xrw
*default*        0x00000000         0xffffffff

Linker script and memory map

LOAD C:/ST/STM32CubeIDE_1.15.0/STM32CubeIDE/plugins/com.st.stm32cube.ide.mcu.externaltools.gnu-tools-for-stm32.12.3.rel1.win32_1.0.100.202403111256/tools/bin/../lib/gcc/arm-none-eabi/12.3.1/thumb/v6-m/nofp/crti.o
LOAD C:/ST/STM32CubeIDE_1.15.0/STM32CubeIDE/plugins/com.st.stm32cube.ide.mcu.externaltools.gnu-tools-for-stm32.12.3.rel1.win32_1.0.100.202403111256/tools/bin/../lib/gcc/arm-none-eabi/12.3.1/thumb/v6-m/nofp/crtbegin.o
LOAD C:/ST/STM32CubeIDE_1.15.0/STM32CubeIDE/plugins/com.st.stm32cube.ide.mcu.externaltools.gnu-tools-for-stm32.12.3.rel1.win32_1.0.100.202403111256/tools/bin/../lib/gcc/arm-none-eabi/12.3.1/../../../../arm-none-eabi/lib/thumb/v6-m/nofp/crt0.o
LOAD ./FreeRTOS/croutine.o
LOAD ./FreeRTOS/event_groups.o
LOAD ./FreeRTOS/list.o
LOAD ./FreeRTOS/queue.o
LOAD ./FreeRTOS/stream_buffer.o
LOAD ./FreeRTOS/tasks.o
LOAD ./FreeRTOS/timers.o
LOAD ./FreeRTOS/portable/GCC/ARM_CM0/port.o
LOAD ./FreeRTOS/portable/MemMang/heap_1.o
LOAD ./app/src/main.o
LOAD ./app/src/printf-stdarg.o
LOAD ./app/src/stm32f0xx_it.o
LOAD ./bsp/src/bsp.o
LOAD ./cmsis/device/src/startup_stm32f072xb.o
LOAD ./cmsis/device/src/system_stm32f0xx.o
START GROUP
LOAD C:/ST/STM32CubeIDE_1.15.0/STM32CubeIDE/plugins/com.st.stm32cube.ide.mcu.externaltools.gnu-tools-for-stm32.12.3.rel1.win32_1.0.100.202403111256/tools/bin/../lib/gcc/arm-none-eabi/12.3.1/../../../../arm-none-eabi/lib/thumb/v6-m/nofp\libc_nano.a
LOAD C:/ST/STM32CubeIDE_1.15.0/STM32CubeIDE/plugins/com.st.stm32cube.ide.mcu.externaltools.gnu-tools-for-stm32.12.3.rel1.win32_1.0.100.202403111256/tools/bin/../lib/gcc/arm-none-eabi/12.3.1/../../../../arm-none-eabi/lib/thumb/v6-m/nofp\libm.a
END GROUP
LOAD C:/ST/STM32CubeIDE_1.15.0/STM32CubeIDE/plugins/com.st.stm32cube.ide.mcu.externaltools.gnu-tools-for-stm32.12.3.rel1.win32_1.0.100.202403111256/tools/bin/../lib/gcc/arm-none-eabi/12.3.1/thumb/v6-m/nofp/crtend.o
LOAD C:/ST/STM32CubeIDE_1.15.0/STM32CubeIDE/plugins/com.st.stm32cube.ide.mcu.externaltools.gnu-tools-for-stm32.12.3.rel1.win32_1.0.100.202403111256/tools/bin/../lib/gcc/arm-none-eabi/12.3.1/thumb/v6-m/nofp/crtn.o
                0x20004000                        _estack = 0x20004000
                0x00000200                        _Min_Heap_Size = 0x200
                0x00000400                        _Min_Stack_Size = 0x400

.isr_vector     0x08000000       0xc0
                0x08000000                        . = ALIGN (0x4)
 *(.isr_vector)
 .isr_vector    0x08000000       0xc0 ./cmsis/device/src/startup_stm32f072xb.o
                0x08000000                g_pfnVectors
                0x080000c0                        . = ALIGN (0x4)

.text           0x080000c0     0x2640
                0x080000c0                        . = ALIGN (0x4)
 *(.text)
 .text          0x080000c0       0x48 C:/ST/STM32CubeIDE_1.15.0/STM32CubeIDE/plugins/com.st.stm32cube.ide.mcu.externaltools.gnu-tools-for-stm32.12.3.rel1.win32_1.0.100.202403111256/tools/bin/../lib/gcc/arm-none-eabi/12.3.1/thumb/v6-m/nofp/crtbegin.o
 .text          0x08000108      0x114 C:/ST/STM32CubeIDE_1.15.0/STM32CubeIDE/plugins/com.st.stm32cube.ide.mcu.externaltools.gnu-tools-for-stm32.12.3.rel1.win32_1.0.100.202403111256/tools/bin/../lib/gcc/arm-none-eabi/12.3.1/thumb/v6-m/nofp\libgcc.a(_udivsi3.o)
                0x08000108                __aeabi_uidiv
                0x08000108                __udivsi3
                0x08000214                __aeabi_uidivmod
 .text          0x0800021c        0x4 C:/ST/STM32CubeIDE_1.15.0/STM32CubeIDE/plugins/com.st.stm32cube.ide.mcu.externaltools.gnu-tools-for-stm32.12.3.rel1.win32_1.0.100.202403111256/tools/bin/../lib/gcc/arm-none-eabi/12.3.1/thumb/v6-m/nofp\libgcc.a(_dvmd_tls.o)
                0x0800021c                __aeabi_idiv0
                0x0800021c                __aeabi_ldiv0
 *(.text*)
 .text.vListInitialise
                0x08000220       0x3c ./FreeRTOS/list.o
                0x08000220                vListInitialise
 .text.vListInitialiseItem
                0x0800025c       0x16 ./FreeRTOS/list.o
                0x0800025c                vListInitialiseItem
 .text.vListInsert
                0x08000272       0x6c ./FreeRTOS/list.o
                0x08000272                vListInsert
 .text.uxListRemove
                0x080002de       0x50 ./FreeRTOS/list.o
                0x080002de                uxListRemove
 .text.xQueueGenericReset
                0x0800032e      0x116 ./FreeRTOS/queue.o
                0x0800032e                xQueueGenericReset
 .text.xQueueGenericCreate
                0x08000444       0xbe ./FreeRTOS/queue.o
                0x08000444                xQueueGenericCreate
 .text.prvInitialiseNewQueue
                0x08000502       0x44 ./FreeRTOS/queue.o
 .text.xQueueReceive
                0x08000546      0x170 ./FreeRTOS/queue.o
                0x08000546                xQueueReceive
 .text.prvCopyDataFromQueue
                0x080006b6       0x4c ./FreeRTOS/queue.o
 .text.prvUnlockQueue
                0x08000702       0xbc ./FreeRTOS/queue.o
 .text.prvIsQueueEmpty
                0x080007be       0x2c ./FreeRTOS/queue.o
 *fill*         0x080007ea        0x2 
 .text.vQueueAddToRegistry
                0x080007ec       0x8c ./FreeRTOS/queue.o
                0x080007ec                vQueueAddToRegistry
 .text.vQueueWaitForMessageRestricted
                0x08000878       0x66 ./FreeRTOS/queue.o
                0x08000878                vQueueWaitForMessageRestricted
 .text.xTaskCreate
                0x080008de       0x9c ./FreeRTOS/tasks.o
                0x080008de                xTaskCreate
 *fill*         0x0800097a        0x2 
 .text.prvInitialiseNewTask
                0x0800097c       0xec ./FreeRTOS/tasks.o
 .text.prvAddNewTaskToReadyList
                0x08000a68      0x114 ./FreeRTOS/tasks.o
 .text.vTaskDelay
                0x08000b7c       0x4c ./FreeRTOS/tasks.o
                0x08000b7c                vTaskDelay
 .text.vTaskStartScheduler
                0x08000bc8       0x84 ./FreeRTOS/tasks.o
                0x08000bc8                vTaskStartScheduler
 .text.vTaskSuspendAll
                0x08000c4c       0x18 ./FreeRTOS/tasks.o
                0x08000c4c                vTaskSuspendAll
 .text.xTaskResumeAll
                0x08000c64      0x1d4 ./FreeRTOS/tasks.o
                0x08000c64                xTaskResumeAll
 .text.xTaskGetTickCount
                0x08000e38       0x1c ./FreeRTOS/tasks.o
                0x08000e38                xTaskGetTickCount
 .text.xTaskIncrementTick
                0x08000e54      0x200 ./FreeRTOS/tasks.o
                0x08000e54                xTaskIncrementTick
 .text.vTaskSwitchContext
                0x08001054       0xa4 ./FreeRTOS/tasks.o
                0x08001054                vTaskSwitchContext
 .text.vTaskPlaceOnEventList
                0x080010f8       0x40 ./FreeRTOS/tasks.o
                0x080010f8                vTaskPlaceOnEventList
 .text.vTaskPlaceOnEventListRestricted
                0x08001138       0x80 ./FreeRTOS/tasks.o
                0x08001138                vTaskPlaceOnEventListRestricted
 .text.xTaskRemoveFromEventList
                0x080011b8      0x198 ./FreeRTOS/tasks.o
                0x080011b8                xTaskRemoveFromEventList
 .text.vTaskInternalSetTimeOutState
                0x08001350       0x28 ./FreeRTOS/tasks.o
                0x08001350                vTaskInternalSetTimeOutState
 .text.xTaskCheckForTimeOut
                0x08001378       0x9c ./FreeRTOS/tasks.o
                0x08001378                xTaskCheckForTimeOut
 .text.vTaskMissedYield
                0x08001414       0x14 ./FreeRTOS/tasks.o
                0x08001414                vTaskMissedYield
 .text.prvIdleTask
                0x08001428       0x20 ./FreeRTOS/tasks.o
 .text.prvInitialiseTaskLists
                0x08001448       0x70 ./FreeRTOS/tasks.o
 .text.prvCheckTasksWaitingTermination
                0x080014b8        0xa ./FreeRTOS/tasks.o
 *fill*         0x080014c2        0x2 
 .text.prvResetNextTaskUnblockTime
                0x080014c4       0x34 ./FreeRTOS/tasks.o
 .text.xTaskGetSchedulerState
                0x080014f8       0x38 ./FreeRTOS/tasks.o
                0x080014f8                xTaskGetSchedulerState
 .text.prvAddCurrentTaskToDelayedList
                0x08001530       0x88 ./FreeRTOS/tasks.o
 .text.xTimerCreateTimerTask
                0x080015b8       0x54 ./FreeRTOS/timers.o
                0x080015b8                xTimerCreateTimerTask
 .text.prvReloadTimer
                0x0800160c       0x42 ./FreeRTOS/timers.o
 *fill*         0x0800164e        0x2 
 .text.prvProcessExpiredTimer
                0x08001650       0x64 ./FreeRTOS/timers.o
 .text.prvTimerTask
                0x080016b4       0x2a ./FreeRTOS/timers.o
 *fill*         0x080016de        0x2 
 .text.prvProcessTimerOrBlockTask
                0x080016e0       0x90 ./FreeRTOS/timers.o
 .text.prvGetNextExpireTime
                0x08001770       0x44 ./FreeRTOS/timers.o
 .text.prvSampleTimeNow
                0x080017b4       0x40 ./FreeRTOS/timers.o
 .text.prvInsertTimerInActiveList
                0x080017f4       0x84 ./FreeRTOS/timers.o
 .text.prvProcessReceivedCommands
                0x08001878      0x160 ./FreeRTOS/timers.o
 .text.prvSwitchTimerLists
                0x080019d8       0x50 ./FreeRTOS/timers.o
 .text.prvCheckForValidListAndQueue
                0x08001a28       0x74 ./FreeRTOS/timers.o
 .text.pxPortInitialiseStack
                0x08001a9c       0x54 ./FreeRTOS/portable/GCC/ARM_CM0/port.o
                0x08001a9c                pxPortInitialiseStack
 .text.prvTaskExitError
                0x08001af0       0x30 ./FreeRTOS/portable/GCC/ARM_CM0/port.o
 .text.SVC_Handler
                0x08001b20        0xa ./FreeRTOS/portable/GCC/ARM_CM0/port.o
                0x08001b20                SVC_Handler
 *fill*         0x08001b2a        0x6 
 .text.vPortStartFirstTask
                0x08001b30       0x38 ./FreeRTOS/portable/GCC/ARM_CM0/port.o
 .text.xPortStartScheduler
                0x08001b68       0x48 ./FreeRTOS/portable/GCC/ARM_CM0/port.o
                0x08001b68                xPortStartScheduler
 .text.vPortYield
                0x08001bb0       0x20 ./FreeRTOS/portable/GCC/ARM_CM0/port.o
                0x08001bb0                vPortYield
 .text.vPortEnterCritical
                0x08001bd0       0x24 ./FreeRTOS/portable/GCC/ARM_CM0/port.o
                0x08001bd0                vPortEnterCritical
 .text.vPortExitCritical
                0x08001bf4       0x30 ./FreeRTOS/portable/GCC/ARM_CM0/port.o
                0x08001bf4                vPortExitCritical
 .text.ulSetInterruptMaskFromISR
                0x08001c24        0xc ./FreeRTOS/portable/GCC/ARM_CM0/port.o
                0x08001c24                ulSetInterruptMaskFromISR
 .text.vClearInterruptMaskFromISR
                0x08001c30        0x8 ./FreeRTOS/portable/GCC/ARM_CM0/port.o
                0x08001c30                vClearInterruptMaskFromISR
 *fill*         0x08001c38        0x8 
 .text.PendSV_Handler
                0x08001c40       0x48 ./FreeRTOS/portable/GCC/ARM_CM0/port.o
                0x08001c40                PendSV_Handler
 .text.SysTick_Handler
                0x08001c88       0x34 ./FreeRTOS/portable/GCC/ARM_CM0/port.o
                0x08001c88                SysTick_Handler
 .text.vPortSetupTimerInterrupt
                0x08001cbc       0x44 ./FreeRTOS/portable/GCC/ARM_CM0/port.o
                0x08001cbc                vPortSetupTimerInterrupt
 .text.pvPortMalloc
                0x08001d00       0xa4 ./FreeRTOS/portable/MemMang/heap_1.o
                0x08001d00                pvPortMalloc
 .text.vPortFree
                0x08001da4       0x1c ./FreeRTOS/portable/MemMang/heap_1.o
                0x08001da4                vPortFree
 .text.main     0x08001dc0       0x58 ./app/src/main.o
                0x08001dc0                main
 .text.SystemClock_Config
                0x08001e18      0x134 ./app/src/main.o
 .text.vTask1   0x08001f4c       0x1a ./app/src/main.o
                0x08001f4c                vTask1
 *fill*         0x08001f66        0x2 
 .text.vTask2   0x08001f68       0x40 ./app/src/main.o
                0x08001f68                vTask2
 .text.printchar
                0x08001fa8       0x48 ./app/src/printf-stdarg.o
 .text.prints   0x08001ff0       0xb8 ./app/src/printf-stdarg.o
 .text.printi   0x080020a8       0xec ./app/src/printf-stdarg.o
 .text.print    0x08002194      0x1c8 ./app/src/printf-stdarg.o
 .text.my_printf
                0x0800235c       0x2a ./app/src/printf-stdarg.o
                0x0800235c                my_printf
 .text.NMI_Handler
                0x08002386        0xa ./app/src/stm32f0xx_it.o
                0x08002386                NMI_Handler
 .text.HardFault_Handler
                0x08002390        0x8 ./app/src/stm32f0xx_it.o
                0x08002390                HardFault_Handler
 .text.BSP_LED_Init
                0x08002398       0x98 ./bsp/src/bsp.o
                0x08002398                BSP_LED_Init
 .text.BSP_LED_Toggle
                0x08002430       0x1a ./bsp/src/bsp.o
                0x08002430                BSP_LED_Toggle
 *fill*         0x0800244a        0x2 
 .text.BSP_Console_Init
                0x0800244c       0xc8 ./bsp/src/bsp.o
                0x0800244c                BSP_Console_Init
 .text.Reset_Handler
                0x08002514       0x50 ./cmsis/device/src/startup_stm32f072xb.o
                0x08002514                Reset_Handler
 .text.Default_Handler
                0x08002564        0x2 ./cmsis/device/src/startup_stm32f072xb.o
                0x08002564                TIM1_CC_IRQHandler
                0x08002564                TSC_IRQHandler
                0x08002564                ADC1_COMP_IRQHandler
                0x08002564                I2C1_IRQHandler
                0x08002564                RCC_CRS_IRQHandler
                0x08002564                SPI1_IRQHandler
                0x08002564                TIM6_DAC_IRQHandler
                0x08002564                USART3_4_IRQHandler
                0x08002564                EXTI2_3_IRQHandler
                0x08002564                I2C2_IRQHandler
                0x08002564                TIM17_IRQHandler
                0x08002564                CEC_CAN_IRQHandler
                0x08002564                RTC_IRQHandler
                0x08002564                PVD_VDDIO2_IRQHandler
                0x08002564                DMA1_Channel4_5_6_7_IRQHandler
                0x08002564                TIM16_IRQHandler
                0x08002564                TIM3_IRQHandler
                0x08002564                EXTI4_15_IRQHandler
                0x08002564                DMA1_Channel1_IRQHandler
                0x08002564                Default_Handler
                0x08002564                TIM14_IRQHandler
                0x08002564                TIM7_IRQHandler
                0x08002564                TIM15_IRQHandler
                0x08002564                EXTI0_1_IRQHandler
                0x08002564                USB_IRQHandler
                0x08002564                SPI2_IRQHandler
                0x08002564                WWDG_IRQHandler
                0x08002564                TIM2_IRQHandler
                0x08002564                DMA1_Channel2_3_IRQHandler
                0x08002564                USART2_IRQHandler
                0x08002564                FLASH_IRQHandler
                0x08002564                USART1_IRQHandler
                0x08002564                TIM1_BRK_UP_TRG_COM_IRQHandler
 .text.SystemInit
                0x08002566        0xa ./cmsis/device/src/system_stm32f0xx.o
                0x08002566                SystemInit
 .text.SystemCoreClockUpdate
                0x08002570      0x10c ./cmsis/device/src/system_stm32f0xx.o
                0x08002570                SystemCoreClockUpdate
 .text.memset   0x0800267c       0x10 C:/ST/STM32CubeIDE_1.15.0/STM32CubeIDE/plugins/com.st.stm32cube.ide.mcu.externaltools.gnu-tools-for-stm32.12.3.rel1.win32_1.0.100.202403111256/tools/bin/../lib/gcc/arm-none-eabi/12.3.1/../../../../arm-none-eabi/lib/thumb/v6-m/nofp\libc_nano.a(libc_a-memset.o)
                0x0800267c                memset
 .text.__libc_init_array
                0x0800268c       0x48 C:/ST/STM32CubeIDE_1.15.0/STM32CubeIDE/plugins/com.st.stm32cube.ide.mcu.externaltools.gnu-tools-for-stm32.12.3.rel1.win32_1.0.100.202403111256/tools/bin/../lib/gcc/arm-none-eabi/12.3.1/../../../../arm-none-eabi/lib/thumb/v6-m/nofp\libc_nano.a(libc_a-init.o)
                0x0800268c                __libc_init_array
 .text.memcpy   0x080026d4       0x12 C:/ST/STM32CubeIDE_1.15.0/STM32CubeIDE/plugins/com.st.stm32cube.ide.mcu.externaltools.gnu-tools-for-stm32.12.3.rel1.win32_1.0.100.202403111256/tools/bin/../lib/gcc/arm-none-eabi/12.3.1/../../../../arm-none-eabi/lib/thumb/v6-m/nofp\libc_nano.a(libc_a-memcpy-stub.o)
                0x080026d4                memcpy
 *(.glue_7)
 .glue_7        0x080026e6        0x0 linker stubs
 *(.glue_7t)
 .glue_7t       0x080026e6        0x0 linker stubs
 *(.eh_frame)
 *fill*         0x080026e6        0x2 
 .eh_frame      0x080026e8        0x0 C:/ST/STM32CubeIDE_1.15.0/STM32CubeIDE/plugins/com.st.stm32cube.ide.mcu.externaltools.gnu-tools-for-stm32.12.3.rel1.win32_1.0.100.202403111256/tools/bin/../lib/gcc/arm-none-eabi/12.3.1/thumb/v6-m/nofp/crtbegin.o
 *(.init)
 .init          0x080026e8        0x4 C:/ST/STM32CubeIDE_1.15.0/STM32CubeIDE/plugins/com.st.stm32cube.ide.mcu.externaltools.gnu-tools-for-stm32.12.3.rel1.win32_1.0.100.202403111256/tools/bin/../lib/gcc/arm-none-eabi/12.3.1/thumb/v6-m/nofp/crti.o
                0x080026e8                _init
 .init          0x080026ec        0x8 C:/ST/STM32CubeIDE_1.15.0/STM32CubeIDE/plugins/com.st.stm32cube.ide.mcu.externaltools.gnu-tools-for-stm32.12.3.rel1.win32_1.0.100.202403111256/tools/bin/../lib/gcc/arm-none-eabi/12.3.1/thumb/v6-m/nofp/crtn.o
 *(.fini)
 .fini          0x080026f4        0x4 C:/ST/STM32CubeIDE_1.15.0/STM32CubeIDE/plugins/com.st.stm32cube.ide.mcu.externaltools.gnu-tools-for-stm32.12.3.rel1.win32_1.0.100.202403111256/tools/bin/../lib/gcc/arm-none-eabi/12.3.1/thumb/v6-m/nofp/crti.o
                0x080026f4                _fini
 .fini          0x080026f8        0x8 C:/ST/STM32CubeIDE_1.15.0/STM32CubeIDE/plugins/com.st.stm32cube.ide.mcu.externaltools.gnu-tools-for-stm32.12.3.rel1.win32_1.0.100.202403111256/tools/bin/../lib/gcc/arm-none-eabi/12.3.1/thumb/v6-m/nofp/crtn.o
                0x08002700                        . = ALIGN (0x4)
                0x08002700                        _etext = .

.vfp11_veneer   0x08002700        0x0
 .vfp11_veneer  0x08002700        0x0 linker stubs

.v4_bx          0x08002700        0x0
 .v4_bx         0x08002700        0x0 linker stubs

.iplt           0x08002700        0x0
 .iplt          0x08002700        0x0 C:/ST/STM32CubeIDE_1.15.0/STM32CubeIDE/plugins/com.st.stm32cube.ide.mcu.externaltools.gnu-tools-for-stm32.12.3.rel1.win32_1.0.100.202403111256/tools/bin/../lib/gcc/arm-none-eabi/12.3.1/thumb/v6-m/nofp/crtbegin.o

.rodata         0x08002700       0x80
                0x08002700                        . = ALIGN (0x4)
 *(.rodata)
 .rodata        0x08002700        0x5 ./FreeRTOS/tasks.o
 *fill*         0x08002705        0x3 
 .rodata        0x08002708        0xd ./FreeRTOS/timers.o
 *fill*         0x08002715        0x3 
 .rodata        0x08002718       0x27 ./app/src/main.o
 *fill*         0x0800273f        0x1 
 .rodata        0x08002740        0x7 ./app/src/printf-stdarg.o
 *(.rodata*)
 *fill*         0x08002747        0x1 
 .rodata.prvProcessReceivedCommands
                0x08002748       0x28 ./FreeRTOS/timers.o
 .rodata.AHBPrescTable
                0x08002770       0x10 ./cmsis/device/src/system_stm32f0xx.o
                0x08002770                AHBPrescTable
                0x08002780                        . = ALIGN (0x4)

.rel.dyn        0x08002780        0x0
 .rel.iplt      0x08002780        0x0 C:/ST/STM32CubeIDE_1.15.0/STM32CubeIDE/plugins/com.st.stm32cube.ide.mcu.externaltools.gnu-tools-for-stm32.12.3.rel1.win32_1.0.100.202403111256/tools/bin/../lib/gcc/arm-none-eabi/12.3.1/thumb/v6-m/nofp/crtbegin.o

.ARM.extab
 *(.ARM.extab* .gnu.linkonce.armextab.*)

.ARM            0x08002780        0x0
                0x08002780                        __exidx_start = .
 *(.ARM.exidx*)
                0x08002780                        __exidx_end = .

.preinit_array  0x08002780        0x0
                0x08002780                        PROVIDE (__preinit_array_start = .)
 *(.preinit_array*)
                0x08002780                        PROVIDE (__preinit_array_end = .)

.init_array     0x08002780        0x4
                0x08002780                        PROVIDE (__init_array_start = .)
 *(SORT_BY_NAME(.init_array.*))
 *(.init_array*)
 .init_array    0x08002780        0x4 C:/ST/STM32CubeIDE_1.15.0/STM32CubeIDE/plugins/com.st.stm32cube.ide.mcu.externaltools.gnu-tools-for-stm32.12.3.rel1.win32_1.0.100.202403111256/tools/bin/../lib/gcc/arm-none-eabi/12.3.1/thumb/v6-m/nofp/crtbegin.o
                0x08002784                        PROVIDE (__init_array_end = .)

.fini_array     0x08002784        0x4
                [!provide]                        PROVIDE (__fini_array_start = .)
 *(SORT_BY_NAME(.fini_array.*))
 *(.fini_array*)
 .fini_array    0x08002784        0x4 C:/ST/STM32CubeIDE_1.15.0/STM32CubeIDE/plugins/com.st.stm32cube.ide.mcu.externaltools.gnu-tools-for-stm32.12.3.rel1.win32_1.0.100.202403111256/tools/bin/../lib/gcc/arm-none-eabi/12.3.1/thumb/v6-m/nofp/crtbegin.o
                [!provide]                        PROVIDE (__fini_array_end = .)
                0x08002788                        _sidata = LOADADDR (.data)

.data           0x20000000        0xc load address 0x08002788
                0x20000000                        . = ALIGN (0x4)
                0x20000000                        _sdata = .
 *(.data)
 *(.data*)
 .data.uxTopUsedPriority
                0x20000000        0x4 ./FreeRTOS/tasks.o
                0x20000000                uxTopUsedPriority
 .data.uxCriticalNesting
                0x20000004        0x4 ./FreeRTOS/portable/GCC/ARM_CM0/port.o
 .data.SystemCoreClock
                0x20000008        0x4 ./cmsis/device/src/system_stm32f0xx.o
                0x20000008                SystemCoreClock
                0x2000000c                        . = ALIGN (0x4)
                0x2000000c                        _edata = .

.igot.plt       0x2000000c        0x0 load address 0x08002794
 .igot.plt      0x2000000c        0x0 C:/ST/STM32CubeIDE_1.15.0/STM32CubeIDE/plugins/com.st.stm32cube.ide.mcu.externaltools.gnu-tools-for-stm32.12.3.rel1.win32_1.0.100.202403111256/tools/bin/../lib/gcc/arm-none-eabi/12.3.1/thumb/v6-m/nofp/crtbegin.o
                0x2000000c                        . = ALIGN (0x4)

.bss            0x2000000c     0x1988 load address 0x08002794
                0x2000000c                        _sbss = .
                0x2000000c                        __bss_start__ = _sbss
 *(.bss)
 .bss           0x2000000c       0x1c C:/ST/STM32CubeIDE_1.15.0/STM32CubeIDE/plugins/com.st.stm32cube.ide.mcu.externaltools.gnu-tools-for-stm32.12.3.rel1.win32_1.0.100.202403111256/tools/bin/../lib/gcc/arm-none-eabi/12.3.1/thumb/v6-m/nofp/crtbegin.o
 *(.bss*)
 .bss.xQueueRegistry
                0x20000028       0x50 ./FreeRTOS/queue.o
                0x20000028                xQueueRegistry
 .bss.pxCurrentTCB
                0x20000078        0x4 ./FreeRTOS/tasks.o
                0x20000078                pxCurrentTCB
 .bss.pxReadyTasksLists
                0x2000007c       0x64 ./FreeRTOS/tasks.o
 .bss.xDelayedTaskList1
                0x200000e0       0x14 ./FreeRTOS/tasks.o
 .bss.xDelayedTaskList2
                0x200000f4       0x14 ./FreeRTOS/tasks.o
 .bss.pxDelayedTaskList
                0x20000108        0x4 ./FreeRTOS/tasks.o
 .bss.pxOverflowDelayedTaskList
                0x2000010c        0x4 ./FreeRTOS/tasks.o
 .bss.xPendingReadyList
                0x20000110       0x14 ./FreeRTOS/tasks.o
 .bss.uxCurrentNumberOfTasks
                0x20000124        0x4 ./FreeRTOS/tasks.o
 .bss.xTickCount
                0x20000128        0x4 ./FreeRTOS/tasks.o
 .bss.uxTopReadyPriority
                0x2000012c        0x4 ./FreeRTOS/tasks.o
 .bss.xSchedulerRunning
                0x20000130        0x4 ./FreeRTOS/tasks.o
 .bss.xPendedTicks
                0x20000134        0x4 ./FreeRTOS/tasks.o
 .bss.xYieldPending
                0x20000138        0x4 ./FreeRTOS/tasks.o
 .bss.xNumOfOverflows
                0x2000013c        0x4 ./FreeRTOS/tasks.o
 .bss.uxTaskNumber
                0x20000140        0x4 ./FreeRTOS/tasks.o
 .bss.xNextTaskUnblockTime
                0x20000144        0x4 ./FreeRTOS/tasks.o
 .bss.xIdleTaskHandle
                0x20000148        0x4 ./FreeRTOS/tasks.o
 .bss.uxSchedulerSuspended
                0x2000014c        0x4 ./FreeRTOS/tasks.o
 .bss.xActiveTimerList1
                0x20000150       0x14 ./FreeRTOS/timers.o
 .bss.xActiveTimerList2
                0x20000164       0x14 ./FreeRTOS/timers.o
 .bss.pxCurrentTimerList
                0x20000178        0x4 ./FreeRTOS/timers.o
 .bss.pxOverflowTimerList
                0x2000017c        0x4 ./FreeRTOS/timers.o
 .bss.xTimerQueue
                0x20000180        0x4 ./FreeRTOS/timers.o
 .bss.xTimerTaskHandle
                0x20000184        0x4 ./FreeRTOS/timers.o
 .bss.xLastTime.0
                0x20000188        0x4 ./FreeRTOS/timers.o
 .bss.ucHeap    0x2000018c     0x1800 ./FreeRTOS/portable/MemMang/heap_1.o
 .bss.xNextFreeByte
                0x2000198c        0x4 ./FreeRTOS/portable/MemMang/heap_1.o
 .bss.pucAlignedHeap.0
                0x20001990        0x4 ./FreeRTOS/portable/MemMang/heap_1.o
 *(COMMON)
                0x20001994                        . = ALIGN (0x4)
                0x20001994                        _ebss = .
                0x20001994                        __bss_end__ = _ebss

._user_heap_stack
                0x20001994      0x604 load address 0x08002794
                0x20001998                        . = ALIGN (0x8)
 *fill*         0x20001994        0x4 
                [!provide]                        PROVIDE (end = .)
                [!provide]                        PROVIDE (_end = .)
                0x20001b98                        . = (. + _Min_Heap_Size)
 *fill*         0x20001998      0x200 
                0x20001f98                        . = (. + _Min_Stack_Size)
 *fill*         0x20001b98      0x400 
                0x20001f98                        . = ALIGN (0x8)

/DISCARD/
 libc.a(*)
 libm.a(*)
 libgcc.a(*)

.ARM.attributes
                0x00000000       0x28
 *(.ARM.attributes)
 .ARM.attributes
                0x00000000       0x1e C:/ST/STM32CubeIDE_1.15.0/STM32CubeIDE/plugins/com.st.stm32cube.ide.mcu.externaltools.gnu-tools-for-stm32.12.3.rel1.win32_1.0.100.202403111256/tools/bin/../lib/gcc/arm-none-eabi/12.3.1/thumb/v6-m/nofp/crti.o
 .ARM.attributes
                0x0000001e       0x2c C:/ST/STM32CubeIDE_1.15.0/STM32CubeIDE/plugins/com.st.stm32cube.ide.mcu.externaltools.gnu-tools-for-stm32.12.3.rel1.win32_1.0.100.202403111256/tools/bin/../lib/gcc/arm-none-eabi/12.3.1/thumb/v6-m/nofp/crtbegin.o
 .ARM.attributes
                0x0000004a       0x2c ./FreeRTOS/list.o
 .ARM.attributes
                0x00000076       0x2c ./FreeRTOS/queue.o
 .ARM.attributes
                0x000000a2       0x2c ./FreeRTOS/tasks.o
 .ARM.attributes
                0x000000ce       0x2c ./FreeRTOS/timers.o
 .ARM.attributes
                0x000000fa       0x2c ./FreeRTOS/portable/GCC/ARM_CM0/port.o
 .ARM.attributes
                0x00000126       0x2c ./FreeRTOS/portable/MemMang/heap_1.o
 .ARM.attributes
                0x00000152       0x2c ./app/src/main.o
 .ARM.attributes
                0x0000017e       0x2c ./app/src/printf-stdarg.o
 .ARM.attributes
                0x000001aa       0x2c ./app/src/stm32f0xx_it.o
 .ARM.attributes
                0x000001d6       0x2c ./bsp/src/bsp.o
 .ARM.attributes
                0x00000202       0x21 ./cmsis/device/src/startup_stm32f072xb.o
 .ARM.attributes
                0x00000223       0x2c ./cmsis/device/src/system_stm32f0xx.o
 .ARM.attributes
                0x0000024f       0x2c C:/ST/STM32CubeIDE_1.15.0/STM32CubeIDE/plugins/com.st.stm32cube.ide.mcu.externaltools.gnu-tools-for-stm32.12.3.rel1.win32_1.0.100.202403111256/tools/bin/../lib/gcc/arm-none-eabi/12.3.1/../../../../arm-none-eabi/lib/thumb/v6-m/nofp\libc_nano.a(libc_a-memset.o)
 .ARM.attributes
                0x0000027b       0x2c C:/ST/STM32CubeIDE_1.15.0/STM32CubeIDE/plugins/com.st.stm32cube.ide.mcu.externaltools.gnu-tools-for-stm32.12.3.rel1.win32_1.0.100.202403111256/tools/bin/../lib/gcc/arm-none-eabi/12.3.1/../../../../arm-none-eabi/lib/thumb/v6-m/nofp\libc_nano.a(libc_a-init.o)
 .ARM.attributes
                0x000002a7       0x2c C:/ST/STM32CubeIDE_1.15.0/STM32CubeIDE/plugins/com.st.stm32cube.ide.mcu.externaltools.gnu-tools-for-stm32.12.3.rel1.win32_1.0.100.202403111256/tools/bin/../lib/gcc/arm-none-eabi/12.3.1/../../../../arm-none-eabi/lib/thumb/v6-m/nofp\libc_nano.a(libc_a-memcpy-stub.o)
 .ARM.attributes
                0x000002d3       0x1e C:/ST/STM32CubeIDE_1.15.0/STM32CubeIDE/plugins/com.st.stm32cube.ide.mcu.externaltools.gnu-tools-for-stm32.12.3.rel1.win32_1.0.100.202403111256/tools/bin/../lib/gcc/arm-none-eabi/12.3.1/thumb/v6-m/nofp/crtn.o
 .ARM.attributes
                0x000002f1       0x1e C:/ST/STM32CubeIDE_1.15.0/STM32CubeIDE/plugins/com.st.stm32cube.ide.mcu.externaltools.gnu-tools-for-stm32.12.3.rel1.win32_1.0.100.202403111256/tools/bin/../lib/gcc/arm-none-eabi/12.3.1/thumb/v6-m/nofp\libgcc.a(_udivsi3.o)
 .ARM.attributes
                0x0000030f       0x1e C:/ST/STM32CubeIDE_1.15.0/STM32CubeIDE/plugins/com.st.stm32cube.ide.mcu.externaltools.gnu-tools-for-stm32.12.3.rel1.win32_1.0.100.202403111256/tools/bin/../lib/gcc/arm-none-eabi/12.3.1/thumb/v6-m/nofp\libgcc.a(_dvmd_tls.o)
OUTPUT(blink3.elf elf32-littlearm)
LOAD linker stubs
LOAD C:/ST/STM32CubeIDE_1.15.0/STM32CubeIDE/plugins/com.st.stm32cube.ide.mcu.externaltools.gnu-tools-for-stm32.12.3.rel1.win32_1.0.100.202403111256/tools/bin/../lib/gcc/arm-none-eabi/12.3.1/../../../../arm-none-eabi/lib/thumb/v6-m/nofp\libc.a
LOAD C:/ST/STM32CubeIDE_1.15.0/STM32CubeIDE/plugins/com.st.stm32cube.ide.mcu.externaltools.gnu-tools-for-stm32.12.3.rel1.win32_1.0.100.202403111256/tools/bin/../lib/gcc/arm-none-eabi/12.3.1/../../../../arm-none-eabi/lib/thumb/v6-m/nofp\libm.a
LOAD C:/ST/STM32CubeIDE_1.15.0/STM32CubeIDE/plugins/com.st.stm32cube.ide.mcu.externaltools.gnu-tools-for-stm32.12.3.rel1.win32_1.0.100.202403111256/tools/bin/../lib/gcc/arm-none-eabi/12.3.1/thumb/v6-m/nofp\libgcc.a

.debug_info     0x00000000     0x45d0
 .debug_info    0x00000000      0x2af ./FreeRTOS/list.o
 .debug_info    0x000002af      0xfb9 ./FreeRTOS/queue.o
 .debug_info    0x00001268     0x1468 ./FreeRTOS/tasks.o
 .debug_info    0x000026d0      0xc56 ./FreeRTOS/timers.o
 .debug_info    0x00003326      0x290 ./FreeRTOS/portable/GCC/ARM_CM0/port.o
 .debug_info    0x000035b6      0x1aa ./FreeRTOS/portable/MemMang/heap_1.o
 .debug_info    0x00003760      0x3a0 ./app/src/main.o
 .debug_info    0x00003b00      0x459 ./app/src/printf-stdarg.o
 .debug_info    0x00003f59       0x9f ./app/src/stm32f0xx_it.o
 .debug_info    0x00003ff8      0x36d ./bsp/src/bsp.o
 .debug_info    0x00004365       0x30 ./cmsis/device/src/startup_stm32f072xb.o
 .debug_info    0x00004395      0x23b ./cmsis/device/src/system_stm32f0xx.o

.debug_abbrev   0x00000000     0x119e
 .debug_abbrev  0x00000000       0xf5 ./FreeRTOS/list.o
 .debug_abbrev  0x000000f5      0x2aa ./FreeRTOS/queue.o
 .debug_abbrev  0x0000039f      0x2e2 ./FreeRTOS/tasks.o
 .debug_abbrev  0x00000681      0x28e ./FreeRTOS/timers.o
 .debug_abbrev  0x0000090f      0x1e8 ./FreeRTOS/portable/GCC/ARM_CM0/port.o
 .debug_abbrev  0x00000af7      0x123 ./FreeRTOS/portable/MemMang/heap_1.o
 .debug_abbrev  0x00000c1a      0x187 ./app/src/main.o
 .debug_abbrev  0x00000da1      0x192 ./app/src/printf-stdarg.o
 .debug_abbrev  0x00000f33       0x47 ./app/src/stm32f0xx_it.o
 .debug_abbrev  0x00000f7a       0xe4 ./bsp/src/bsp.o
 .debug_abbrev  0x0000105e       0x24 ./cmsis/device/src/startup_stm32f072xb.o
 .debug_abbrev  0x00001082      0x11c ./cmsis/device/src/system_stm32f0xx.o

.debug_aranges  0x00000000      0x560
 .debug_aranges
                0x00000000       0x40 ./FreeRTOS/list.o
 .debug_aranges
                0x00000040       0xe8 ./FreeRTOS/queue.o
 .debug_aranges
                0x00000128      0x158 ./FreeRTOS/tasks.o
 .debug_aranges
                0x00000280       0xd8 ./FreeRTOS/timers.o
 .debug_aranges
                0x00000358       0x88 ./FreeRTOS/portable/GCC/ARM_CM0/port.o
 .debug_aranges
                0x000003e0       0x38 ./FreeRTOS/portable/MemMang/heap_1.o
 .debug_aranges
                0x00000418       0x38 ./app/src/main.o
 .debug_aranges
                0x00000450       0x48 ./app/src/printf-stdarg.o
 .debug_aranges
                0x00000498       0x28 ./app/src/stm32f0xx_it.o
 .debug_aranges
                0x000004c0       0x50 ./bsp/src/bsp.o
 .debug_aranges
                0x00000510       0x28 ./cmsis/device/src/startup_stm32f072xb.o
 .debug_aranges
                0x00000538       0x28 ./cmsis/device/src/system_stm32f0xx.o

.debug_rnglists
                0x00000000      0x3f8
 .debug_rnglists
                0x00000000       0x2b ./FreeRTOS/list.o
 .debug_rnglists
                0x0000002b       0xb6 ./FreeRTOS/queue.o
 .debug_rnglists
                0x000000e1      0x110 ./FreeRTOS/tasks.o
 .debug_rnglists
                0x000001f1       0xa1 ./FreeRTOS/timers.o
 .debug_rnglists
                0x00000292       0x61 ./FreeRTOS/portable/GCC/ARM_CM0/port.o
 .debug_rnglists
                0x000002f3       0x26 ./FreeRTOS/portable/MemMang/heap_1.o
 .debug_rnglists
                0x00000319       0x26 ./app/src/main.o
 .debug_rnglists
                0x0000033f       0x34 ./app/src/printf-stdarg.o
 .debug_rnglists
                0x00000373       0x19 ./app/src/stm32f0xx_it.o
 .debug_rnglists
                0x0000038c       0x39 ./bsp/src/bsp.o
 .debug_rnglists
                0x000003c5       0x19 ./cmsis/device/src/startup_stm32f072xb.o
 .debug_rnglists
                0x000003de       0x1a ./cmsis/device/src/system_stm32f0xx.o

.debug_macro    0x00000000     0x174f
 .debug_macro   0x00000000      0x1f5 ./FreeRTOS/list.o
 .debug_macro   0x000001f5      0x28c ./FreeRTOS/queue.o
 .debug_macro   0x00000481       0x16 ./FreeRTOS/queue.o
 .debug_macro   0x00000497       0x35 ./FreeRTOS/queue.o
 .debug_macro   0x000004cc       0x20 ./FreeRTOS/queue.o
 .debug_macro   0x000004ec       0x80 ./FreeRTOS/queue.o
 .debug_macro   0x0000056c      0x2e1 ./FreeRTOS/tasks.o
 .debug_macro   0x0000084d       0x17 ./FreeRTOS/tasks.o
 .debug_macro   0x00000864      0x244 ./FreeRTOS/timers.o
 .debug_macro   0x00000aa8       0x97 ./FreeRTOS/timers.o
 .debug_macro   0x00000b3f      0x1b0 ./FreeRTOS/portable/GCC/ARM_CM0/port.o
 .debug_macro   0x00000cef      0x20a ./FreeRTOS/portable/MemMang/heap_1.o
 .debug_macro   0x00000ef9      0x18f ./app/src/main.o
 .debug_macro   0x00001088      0x190 ./app/src/main.o
 .debug_macro   0x00001218       0x86 ./app/src/main.o
 .debug_macro   0x0000129e       0x5b ./app/src/main.o
 .debug_macro   0x000012f9       0xd5 ./app/src/printf-stdarg.o
 .debug_macro   0x000013ce       0x58 ./app/src/printf-stdarg.o
 .debug_macro   0x00001426      0x199 ./app/src/stm32f0xx_it.o
 .debug_macro   0x000015bf       0xc4 ./bsp/src/bsp.o
 .debug_macro   0x00001683       0xcc ./cmsis/device/src/system_stm32f0xx.o

.debug_line     0x00000000     0x73c6
 .debug_line    0x00000000      0x8ce ./FreeRTOS/list.o
 .debug_line    0x000008ce     0x138f ./FreeRTOS/queue.o
 .debug_line    0x00001c5d     0x14c8 ./FreeRTOS/tasks.o
 .debug_line    0x00003125      0xd2c ./FreeRTOS/timers.o
 .debug_line    0x00003e51      0x873 ./FreeRTOS/portable/GCC/ARM_CM0/port.o
 .debug_line    0x000046c4      0x885 ./FreeRTOS/portable/MemMang/heap_1.o
 .debug_line    0x00004f49      0x84e ./app/src/main.o
 .debug_line    0x00005797      0x82a ./app/src/printf-stdarg.o
 .debug_line    0x00005fc1      0x740 ./app/src/stm32f0xx_it.o
 .debug_line    0x00006701      0x693 ./bsp/src/bsp.o
 .debug_line    0x00006d94       0x7b ./cmsis/device/src/startup_stm32f072xb.o
 .debug_line    0x00006e0f      0x5b7 ./cmsis/device/src/system_stm32f0xx.o

.debug_str      0x00000000    0x669a9
 .debug_str     0x00000000    0x615b7 ./FreeRTOS/list.o
                              0x617dc (size before relaxing)
 .debug_str     0x000615b7     0x24b1 ./FreeRTOS/queue.o
                              0x63c98 (size before relaxing)
 .debug_str     0x00063a68     0x16da ./FreeRTOS/tasks.o
                              0x643b1 (size before relaxing)
 .debug_str     0x00065142      0x500 ./FreeRTOS/timers.o
                              0x6400e (size before relaxing)
 .debug_str     0x00065642      0x456 ./FreeRTOS/portable/GCC/ARM_CM0/port.o
                              0x5fc84 (size before relaxing)
 .debug_str     0x00065a98       0xc9 ./FreeRTOS/portable/MemMang/heap_1.o
                              0x62a18 (size before relaxing)
 .debug_str     0x00065b61      0xa97 ./app/src/main.o
                              0x610d8 (size before relaxing)
 .debug_str     0x000665f8      0x1db ./app/src/printf-stdarg.o
                              0x5a882 (size before relaxing)
 .debug_str     0x000667d3       0x4a ./app/src/stm32f0xx_it.o
                              0x60f41 (size before relaxing)
 .debug_str     0x0006681d       0x7c ./bsp/src/bsp.o
                              0x5a7a2 (size before relaxing)
 .debug_str     0x00066899       0x46 ./cmsis/device/src/startup_stm32f072xb.o
                                 0x80 (size before relaxing)
 .debug_str     0x000668df       0xca ./cmsis/device/src/system_stm32f0xx.o
                              0x5a799 (size before relaxing)

.comment        0x00000000       0x43
 .comment       0x00000000       0x43 ./FreeRTOS/list.o
                                 0x44 (size before relaxing)
 .comment       0x00000043       0x44 ./FreeRTOS/queue.o
 .comment       0x00000043       0x44 ./FreeRTOS/tasks.o
 .comment       0x00000043       0x44 ./FreeRTOS/timers.o
 .comment       0x00000043       0x44 ./FreeRTOS/portable/GCC/ARM_CM0/port.o
 .comment       0x00000043       0x44 ./FreeRTOS/portable/MemMang/heap_1.o
 .comment       0x00000043       0x44 ./app/src/main.o
 .comment       0x00000043       0x44 ./app/src/printf-stdarg.o
 .comment       0x00000043       0x44 ./app/src/stm32f0xx_it.o
 .comment       0x00000043       0x44 ./bsp/src/bsp.o
 .comment       0x00000043       0x44 ./cmsis/device/src/system_stm32f0xx.o

.debug_frame    0x00000000     0x117c
 .debug_frame   0x00000000       0xb0 ./FreeRTOS/list.o
 .debug_frame   0x000000b0      0x358 ./FreeRTOS/queue.o
 .debug_frame   0x00000408      0x4f8 ./FreeRTOS/tasks.o
 .debug_frame   0x00000900      0x308 ./FreeRTOS/timers.o
 .debug_frame   0x00000c08      0x174 ./FreeRTOS/portable/GCC/ARM_CM0/port.o
 .debug_frame   0x00000d7c       0x88 ./FreeRTOS/portable/MemMang/heap_1.o
 .debug_frame   0x00000e04       0x90 ./app/src/main.o
 .debug_frame   0x00000e94       0xe8 ./app/src/printf-stdarg.o
 .debug_frame   0x00000f7c       0x48 ./app/src/stm32f0xx_it.o
 .debug_frame   0x00000fc4       0xd8 ./bsp/src/bsp.o
 .debug_frame   0x0000109c       0x4c ./cmsis/device/src/system_stm32f0xx.o
 .debug_frame   0x000010e8       0x20 C:/ST/STM32CubeIDE_1.15.0/STM32CubeIDE/plugins/com.st.stm32cube.ide.mcu.externaltools.gnu-tools-for-stm32.12.3.rel1.win32_1.0.100.202403111256/tools/bin/../lib/gcc/arm-none-eabi/12.3.1/../../../../arm-none-eabi/lib/thumb/v6-m/nofp\libc_nano.a(libc_a-memset.o)
 .debug_frame   0x00001108       0x2c C:/ST/STM32CubeIDE_1.15.0/STM32CubeIDE/plugins/com.st.stm32cube.ide.mcu.externaltools.gnu-tools-for-stm32.12.3.rel1.win32_1.0.100.202403111256/tools/bin/../lib/gcc/arm-none-eabi/12.3.1/../../../../arm-none-eabi/lib/thumb/v6-m/nofp\libc_nano.a(libc_a-init.o)
 .debug_frame   0x00001134       0x28 C:/ST/STM32CubeIDE_1.15.0/STM32CubeIDE/plugins/com.st.stm32cube.ide.mcu.externaltools.gnu-tools-for-stm32.12.3.rel1.win32_1.0.100.202403111256/tools/bin/../lib/gcc/arm-none-eabi/12.3.1/../../../../arm-none-eabi/lib/thumb/v6-m/nofp\libc_nano.a(libc_a-memcpy-stub.o)
 .debug_frame   0x0000115c       0x20 C:/ST/STM32CubeIDE_1.15.0/STM32CubeIDE/plugins/com.st.stm32cube.ide.mcu.externaltools.gnu-tools-for-stm32.12.3.rel1.win32_1.0.100.202403111256/tools/bin/../lib/gcc/arm-none-eabi/12.3.1/thumb/v6-m/nofp\libgcc.a(_udivsi3.o)

.debug_line_str
                0x00000000       0x64
 .debug_line_str
                0x00000000       0x64 ./cmsis/device/src/startup_stm32f072xb.o
