C:/Users/vinic/STM32CubeIDE/workspace_1.15.0/blink3/cmsis/core/core_cm0.h:623:22:__NVIC_EnableIRQ	16	static
C:/Users/vinic/STM32CubeIDE/workspace_1.15.0/blink3/cmsis/core/core_cm0.h:730:22:__NVIC_SetPriority	24	static
../bsp/src/bsp.c:15:6:BSP_LED_Init	8	static
../bsp/src/bsp.c:44:6:BSP_LED_On	8	static
../bsp/src/bsp.c:54:6:BSP_LED_Off	8	static
../bsp/src/bsp.c:64:6:BSP_LED_Toggle	8	static
../bsp/src/bsp.c:80:6:BSP_PB_Init	8	static
../bsp/src/bsp.c:112:9:BSP_PB_GetState	16	static
../bsp/src/bsp.c:137:6:BSP_Console_Init	8	static
../bsp/src/bsp.c:193:6:BSP_NVIC_Init	8	static
../bsp/src/bsp.c:220:6:BSP_DELAY_ms	24	static
../bsp/src/bsp.c:226:6:BSP_DELAY_us	24	static
