../TraceRecorder/streamports/Jlink_RTT/SEGGER_RTT.c:314:13:_DoInit	16	static
../TraceRecorder/streamports/Jlink_RTT/SEGGER_RTT.c:374:17:_WriteBlocking	48	static
../TraceRecorder/streamports/Jlink_RTT/SEGGER_RTT.c:436:13:_WriteNoCheck	40	static
../TraceRecorder/streamports/Jlink_RTT/SEGGER_RTT.c:504:13:_PostTerminalSwitch	24	static
../TraceRecorder/streamports/Jlink_RTT/SEGGER_RTT.c:526:17:_GetAvailWriteSpace	32	static
../TraceRecorder/streamports/Jlink_RTT/SEGGER_RTT.c:573:10:SEGGER_RTT_ReadUpBufferNoLock	56	static
../TraceRecorder/streamports/Jlink_RTT/SEGGER_RTT.c:665:10:SEGGER_RTT_ReadNoLock	56	static
../TraceRecorder/streamports/Jlink_RTT/SEGGER_RTT.c:762:10:SEGGER_RTT_ReadUpBuffer	32	static,ignoring_inline_asm
../TraceRecorder/streamports/Jlink_RTT/SEGGER_RTT.c:794:10:SEGGER_RTT_Read	32	static,ignoring_inline_asm
../TraceRecorder/streamports/Jlink_RTT/SEGGER_RTT.c:833:6:SEGGER_RTT_WriteWithOverwriteNoLock	40	static
../TraceRecorder/streamports/Jlink_RTT/SEGGER_RTT.c:934:10:SEGGER_RTT_WriteSkipNoLock	56	static
../TraceRecorder/streamports/Jlink_RTT/SEGGER_RTT.c:1025:10:SEGGER_RTT_WriteDownBufferNoLock	40	static
../TraceRecorder/streamports/Jlink_RTT/SEGGER_RTT.c:1100:10:SEGGER_RTT_WriteNoLock	40	static
../TraceRecorder/streamports/Jlink_RTT/SEGGER_RTT.c:1176:10:SEGGER_RTT_WriteDownBuffer	40	static,ignoring_inline_asm
../TraceRecorder/streamports/Jlink_RTT/SEGGER_RTT.c:1205:10:SEGGER_RTT_Write	40	static,ignoring_inline_asm
../TraceRecorder/streamports/Jlink_RTT/SEGGER_RTT.c:1235:10:SEGGER_RTT_WriteString	24	static
../TraceRecorder/streamports/Jlink_RTT/SEGGER_RTT.c:1265:10:SEGGER_RTT_PutCharSkipNoLock	32	static
../TraceRecorder/streamports/Jlink_RTT/SEGGER_RTT.c:1315:10:SEGGER_RTT_PutCharSkip	40	static,ignoring_inline_asm
../TraceRecorder/streamports/Jlink_RTT/SEGGER_RTT.c:1374:10:SEGGER_RTT_PutChar	40	static,ignoring_inline_asm
../TraceRecorder/streamports/Jlink_RTT/SEGGER_RTT.c:1437:5:SEGGER_RTT_GetKey	16	static
../TraceRecorder/streamports/Jlink_RTT/SEGGER_RTT.c:1465:5:SEGGER_RTT_WaitKey	16	static
../TraceRecorder/streamports/Jlink_RTT/SEGGER_RTT.c:1488:5:SEGGER_RTT_HasKey	24	static
../TraceRecorder/streamports/Jlink_RTT/SEGGER_RTT.c:1516:10:SEGGER_RTT_HasData	24	static
../TraceRecorder/streamports/Jlink_RTT/SEGGER_RTT.c:1537:10:SEGGER_RTT_HasDataUp	24	static
../TraceRecorder/streamports/Jlink_RTT/SEGGER_RTT.c:1566:5:SEGGER_RTT_AllocDownBuffer	40	static,ignoring_inline_asm
../TraceRecorder/streamports/Jlink_RTT/SEGGER_RTT.c:1615:5:SEGGER_RTT_AllocUpBuffer	40	static,ignoring_inline_asm
../TraceRecorder/streamports/Jlink_RTT/SEGGER_RTT.c:1670:5:SEGGER_RTT_ConfigUpBuffer	48	static,ignoring_inline_asm
../TraceRecorder/streamports/Jlink_RTT/SEGGER_RTT.c:1722:5:SEGGER_RTT_ConfigDownBuffer	48	static,ignoring_inline_asm
../TraceRecorder/streamports/Jlink_RTT/SEGGER_RTT.c:1765:5:SEGGER_RTT_SetNameUpBuffer	40	static,ignoring_inline_asm
../TraceRecorder/streamports/Jlink_RTT/SEGGER_RTT.c:1800:5:SEGGER_RTT_SetNameDownBuffer	40	static,ignoring_inline_asm
../TraceRecorder/streamports/Jlink_RTT/SEGGER_RTT.c:1836:5:SEGGER_RTT_SetFlagsUpBuffer	40	static,ignoring_inline_asm
../TraceRecorder/streamports/Jlink_RTT/SEGGER_RTT.c:1872:5:SEGGER_RTT_SetFlagsDownBuffer	40	static,ignoring_inline_asm
../TraceRecorder/streamports/Jlink_RTT/SEGGER_RTT.c:1900:6:SEGGER_RTT_Init	8	static
../TraceRecorder/streamports/Jlink_RTT/SEGGER_RTT.c:1921:5:SEGGER_RTT_SetTerminal	40	static,ignoring_inline_asm
../TraceRecorder/streamports/Jlink_RTT/SEGGER_RTT.c:1970:5:SEGGER_RTT_TerminalOut	40	static,ignoring_inline_asm
../TraceRecorder/streamports/Jlink_RTT/SEGGER_RTT.c:2058:10:SEGGER_RTT_GetAvailWriteSpace	24	static
../TraceRecorder/streamports/Jlink_RTT/SEGGER_RTT.c:2079:10:SEGGER_RTT_GetBytesInBuffer	32	static
