C:/Users/vinic/STM32CubeIDE/workspace_1.15.0/blink3/cmsis/core/core_cm0.h:730:22:__NVIC_SetPriority	24	static
C:/Users/vinic/STM32CubeIDE/workspace_1.15.0/blink3/cmsis/core/core_cm0.h:920:26:SysTick_Config	16	static
../app/src/main.c:44:5:main	16	static
../app/src/main.c:167:13:SystemClock_Config	24	static
../app/src/main.c:235:6:vTask1	16	static
../app/src/main.c:247:6:vTask2	24	static
../app/src/main.c:262:6:vTaskHWM	56	static
../app/src/main.c:342:6:vTask3	48	static
../app/src/main.c:398:6:vAssertCalled	16	static,ignoring_inline_asm
../app/src/main.c:412:6:vApplicationMallocFailedHook	8	static
../app/src/main.c:428:7:sum_prod	512	static
../app/src/main.c:447:6:vApplicationStackOverflowHook	16	static
