../TraceRecorder/trcDiagnostics.c:17:13:xTraceDiagnosticsInitialize	24	static
../TraceRecorder/trcDiagnostics.c:36:13:xTraceDiagnosticsGet	16	static
../TraceRecorder/trcDiagnostics.c:52:13:xTraceDiagnosticsSet	16	static
../TraceRecorder/trcDiagnostics.c:65:13:xTraceDiagnosticsAdd	16	static
../TraceRecorder/trcDiagnostics.c:78:13:xTraceDiagnosticsIncrease	16	static
../TraceRecorder/trcDiagnostics.c:83:13:xTraceDiagnosticsDecrease	16	static
../TraceRecorder/trcDiagnostics.c:88:13:xTraceDiagnosticsSetIfHigher	16	static
../TraceRecorder/trcDiagnostics.c:104:13:xTraceDiagnosticsSetIfLower	16	static
../TraceRecorder/trcDiagnostics.c:120:13:xTraceDiagnosticsCheckStatus	8	static
