../TraceRecorder/trcEvent.c:126:13:xTraceEventInitialize	24	static
../TraceRecorder/trcEvent.c:145:13:xTraceEventCreate0	40	static,ignoring_inline_asm
../TraceRecorder/trcEvent.c:158:13:xTraceEventCreate1	40	static,ignoring_inline_asm
../TraceRecorder/trcEvent.c:174:13:xTraceEventCreate2	48	static,ignoring_inline_asm
../TraceRecorder/trcEvent.c:190:13:xTraceEventCreate3	48	static,ignoring_inline_asm
../TraceRecorder/trcEvent.c:206:13:xTraceEventCreate4	48	static,ignoring_inline_asm
../TraceRecorder/trcEvent.c:222:13:xTraceEventCreate5	48	static,ignoring_inline_asm
../TraceRecorder/trcEvent.c:238:13:xTraceEventCreate6	48	static,ignoring_inline_asm
../TraceRecorder/trcEvent.c:254:13:xTraceEventCreateRawBlocking	40	static,ignoring_inline_asm
../TraceRecorder/trcEvent.c:277:13:xTraceEventCreateDataOffline0	48	static,ignoring_inline_asm
../TraceRecorder/trcEvent.c:300:13:xTraceEventCreateData0	48	static,ignoring_inline_asm
../TraceRecorder/trcEvent.c:323:13:xTraceEventCreateData1	48	static,ignoring_inline_asm
../TraceRecorder/trcEvent.c:351:13:xTraceEventCreateData2	48	static,ignoring_inline_asm
../TraceRecorder/trcEvent.c:380:13:xTraceEventCreateData3	48	static,ignoring_inline_asm
../TraceRecorder/trcEvent.c:410:13:xTraceEventCreateData4	48	static,ignoring_inline_asm
../TraceRecorder/trcEvent.c:441:13:xTraceEventCreateData5	48	static,ignoring_inline_asm
../TraceRecorder/trcEvent.c:473:13:xTraceEventCreateData6	48	static,ignoring_inline_asm
../TraceRecorder/trcEvent.c:506:13:xTraceEventGetSize	16	static
