../TraceRecorder/trcStreamingRecorder.c:142:13:xTraceInitialize	16	static
../TraceRecorder/trcStreamingRecorder.c:274:13:xTraceHeaderInitialize	24	static
../TraceRecorder/trcStreamingRecorder.c:346:13:xTraceEnable	40	static
../TraceRecorder/trcStreamingRecorder.c:408:13:xTraceDisable	8	static
../TraceRecorder/trcStreamingRecorder.c:431:13:xTraceGetEventBuffer	16	static
../TraceRecorder/trcStreamingRecorder.c:445:13:xTraceTzCtrl	32	static
../TraceRecorder/trcStreamingRecorder.c:489:6:vTraceSetFilterGroup	16	static
../TraceRecorder/trcStreamingRecorder.c:494:6:vTraceSetFilterMask	16	static
../TraceRecorder/trcStreamingRecorder.c:503:32:prvIs64bit	8	static
../TraceRecorder/trcStreamingRecorder.c:509:13:prvSetRecorderEnabled	32	static,ignoring_inline_asm
../TraceRecorder/trcStreamingRecorder.c:554:13:prvSetRecorderDisabled	24	static,ignoring_inline_asm
../TraceRecorder/trcStreamingRecorder.c:574:13:prvTraceStoreHeader	8	static
../TraceRecorder/trcStreamingRecorder.c:580:13:prvTraceStoreTimestampInfo	8	static
../TraceRecorder/trcStreamingRecorder.c:586:13:prvTraceStoreEntryTable	40	static
../TraceRecorder/trcStreamingRecorder.c:617:13:prvTraceStoreStartEvent	24	static
../TraceRecorder/trcStreamingRecorder.c:633:16:prvIsValidCommand	24	static
../TraceRecorder/trcStreamingRecorder.c:661:13:prvProcessCommand	16	static
../TraceRecorder/trcStreamingRecorder.c:681:20:prvVerifySizeAlignment	16	static
