../TraceRecorder/trcSnapshotRecorder.c:315:13:xTraceGetEventBuffer	16	static
../TraceRecorder/trcSnapshotRecorder.c:328:13:xTraceEnable	16	static
../TraceRecorder/trcSnapshotRecorder.c:364:13:xTraceDisable	8	static
../TraceRecorder/trcSnapshotRecorder.c:371:6:vTraceSetStopHook	16	static
../TraceRecorder/trcSnapshotRecorder.c:376:6:vTraceClear	24	static,ignoring_inline_asm
../TraceRecorder/trcSnapshotRecorder.c:392:13:prvTraceStart	40	static,ignoring_inline_asm
../TraceRecorder/trcSnapshotRecorder.c:436:13:prvTraceStop	8	static
../TraceRecorder/trcSnapshotRecorder.c:453:10:xTraceIsRecorderEnabled	8	static
../TraceRecorder/trcSnapshotRecorder.c:470:10:xTraceIsRecorderInitialized	8	static
../TraceRecorder/trcSnapshotRecorder.c:481:13:xTraceErrorGetLast	8	static
../TraceRecorder/trcSnapshotRecorder.c:494:6:vTraceClearError	8	static
../TraceRecorder/trcSnapshotRecorder.c:511:7:xTraceGetTraceBuffer	8	static
../TraceRecorder/trcSnapshotRecorder.c:523:10:uiTraceGetTraceBufferSize	8	static
../TraceRecorder/trcSnapshotRecorder.c:536:13:prvTraceInitTimestamps	8	static
../TraceRecorder/trcSnapshotRecorder.c:546:13:prvTraceTaskInstanceFinish	40	static,ignoring_inline_asm
../TraceRecorder/trcSnapshotRecorder.c:594:13:xTraceTaskInstanceFinishedNext	8	static
../TraceRecorder/trcSnapshotRecorder.c:625:13:xTraceTaskInstanceFinishedNow	8	static
../TraceRecorder/trcSnapshotRecorder.c:799:6:prvTraceIncreaseISRActive	8	static
../TraceRecorder/trcSnapshotRecorder.c:805:6:prvTraceDecreaseISRActive	8	static
../TraceRecorder/trcSnapshotRecorder.c:1631:13:xTraceInitialize	8	static
../TraceRecorder/trcSnapshotRecorder.c:1777:6:prvTraceSetReadyEventsEnabled	16	static
../TraceRecorder/trcSnapshotRecorder.c:1787:6:prvTraceStoreTaskReady	48	static,ignoring_inline_asm
../TraceRecorder/trcSnapshotRecorder.c:1851:6:prvTraceStoreLowPower	48	static,ignoring_inline_asm
../TraceRecorder/trcSnapshotRecorder.c:1901:6:vTraceStoreMemMangEvent	72	static,ignoring_inline_asm
../TraceRecorder/trcSnapshotRecorder.c:1986:6:prvTraceStoreKernelCall	56	static,ignoring_inline_asm
../TraceRecorder/trcSnapshotRecorder.c:2047:6:prvTraceStoreKernelCallWithParam	64	static,ignoring_inline_asm
../TraceRecorder/trcSnapshotRecorder.c:2110:17:prvTraceGetParam	24	static
../TraceRecorder/trcSnapshotRecorder.c:2144:6:prvTraceStoreKernelCallWithNumericParamOnly	56	static,ignoring_inline_asm
../TraceRecorder/trcSnapshotRecorder.c:2194:6:prvTraceStoreTaskswitch	48	static,ignoring_inline_asm
../TraceRecorder/trcSnapshotRecorder.c:2254:6:prvTraceStoreObjectNameOnCloseEvent	40	static
../TraceRecorder/trcSnapshotRecorder.c:2284:6:prvTraceStoreObjectPropertiesOnCloseEvent	32	static
../TraceRecorder/trcSnapshotRecorder.c:2314:6:prvTraceSetPriorityProperty	24	static
../TraceRecorder/trcSnapshotRecorder.c:2324:9:prvTraceGetPriorityProperty	24	static
../TraceRecorder/trcSnapshotRecorder.c:2334:6:prvTraceSetObjectState	24	static
../TraceRecorder/trcSnapshotRecorder.c:2344:9:prvTraceGetObjectState	24	static
../TraceRecorder/trcSnapshotRecorder.c:2354:6:prvTraceSetTaskInstanceFinished	24	static
../TraceRecorder/trcSnapshotRecorder.c:2367:7:prvTraceNextFreeEventBufferSlot	8	static
../TraceRecorder/trcSnapshotRecorder.c:2384:10:uiIndexOfObject	24	static
../TraceRecorder/trcSnapshotRecorder.c:2404:13:prvTraceGetObjectHandle	48	static,ignoring_inline_asm
../TraceRecorder/trcSnapshotRecorder.c:2456:6:prvTraceFreeObjectHandle	24	static
../TraceRecorder/trcSnapshotRecorder.c:2488:6:prvMarkObjectAsUsed	32	static
../TraceRecorder/trcSnapshotRecorder.c:2499:13:prvStrncpy	32	static
../TraceRecorder/trcSnapshotRecorder.c:2516:6:prvTraceSetObjectName	16	static
../TraceRecorder/trcSnapshotRecorder.c:2557:21:prvTraceOpenSymbol	56	static,ignoring_inline_asm
../TraceRecorder/trcSnapshotRecorder.c:2596:6:vTraceSetFrequency	16	static
../TraceRecorder/trcSnapshotRecorder.c:2617:6:prvTraceError	16	static
../TraceRecorder/trcSnapshotRecorder.c:2637:6:vTraceSetFilterMask	16	static
../TraceRecorder/trcSnapshotRecorder.c:2642:6:vTraceSetFilterGroup	16	static
../TraceRecorder/trcSnapshotRecorder.c:2663:6:prvCheckDataToBeOverwrittenForMultiEntryEvents	32	static
../TraceRecorder/trcSnapshotRecorder.c:2708:6:prvTraceUpdateCounters	8	static
../TraceRecorder/trcSnapshotRecorder.c:2744:10:prvTraceGetDTS	40	static
../TraceRecorder/trcSnapshotRecorder.c:2862:21:prvTraceLookupSymbolTableEntry	40	static
../TraceRecorder/trcSnapshotRecorder.c:2905:21:prvTraceCreateSymbolTableEntry	40	static
../TraceRecorder/trcSnapshotRecorder.c:2966:6:prvTraceGetChecksum	40	static
../TraceRecorder/trcSnapshotRecorder.c:3103:6:prvTracePortGetTimeStamp	24	static
